[    0.000000] Linux version 4.19.0-rc7-next-20181011 (root@wkhosa) (gcc version 7.3.0 (GCC)) #1 SMP Thu Oct 11 16:49:17 SAST 2018
[    0.000000] Command line: BOOT_IMAGE=/boot/vmlinuz-4.19.0-rc7-next-20181011 root=UUID=463e14f3-161b-4fe7-bff2-4ec73d488ea7 ro net.ifnames=0
[    0.000000] x86/fpu: Supporting XSAVE feature 0x001: 'x87 floating point registers'
[    0.000000] x86/fpu: Supporting XSAVE feature 0x002: 'SSE registers'
[    0.000000] x86/fpu: Supporting XSAVE feature 0x004: 'AVX registers'
[    0.000000] x86/fpu: xstate_offset[2]:  576, xstate_sizes[2]:  256
[    0.000000] x86/fpu: Enabled xstate features 0x7, context size is 832 bytes, using 'standard' format.
[    0.000000] BIOS-provided physical RAM map:
[    0.000000] BIOS-e820: [mem 0x0000000000000000-0x000000000009fbff] usable
[    0.000000] BIOS-e820: [mem 0x000000000009fc00-0x000000000009ffff] reserved
[    0.000000] BIOS-e820: [mem 0x00000000000f0000-0x00000000000fffff] reserved
[    0.000000] BIOS-e820: [mem 0x0000000000100000-0x000000007ffeffff] usable
[    0.000000] BIOS-e820: [mem 0x000000007fff0000-0x000000007fffffff] ACPI data
[    0.000000] BIOS-e820: [mem 0x00000000fec00000-0x00000000fec00fff] reserved
[    0.000000] BIOS-e820: [mem 0x00000000fee00000-0x00000000fee00fff] reserved
[    0.000000] BIOS-e820: [mem 0x00000000fffc0000-0x00000000ffffffff] reserved
[    0.000000] NX (Execute Disable) protection: active
[    0.000000] SMBIOS 2.5 present.
[    0.000000] DMI: innotek GmbH VirtualBox/VirtualBox, BIOS VirtualBox 12/01/2006
[    0.000000] tsc: Fast TSC calibration using PIT
[    0.000000] tsc: Detected 2593.902 MHz processor
[    0.001178] e820: update [mem 0x00000000-0x00000fff] usable ==> reserved
[    0.001181] e820: remove [mem 0x000a0000-0x000fffff] usable
[    0.001185] last_pfn = 0x7fff0 max_arch_pfn = 0x400000000
[    0.001194] MTRR default type: uncachable
[    0.001196] MTRR variable ranges disabled:
[    0.001197] Disabled
[    0.001199] x86/PAT: MTRRs disabled, skipping PAT initialization too.
[    0.001201] CPU MTRRs all blank - virtualized system.
[    0.001204] x86/PAT: Configuration [0-7]: WB  WT  UC- UC  WB  WT  UC- UC  
[    0.001279] found SMP MP-table at [mem 0x0009fff0-0x0009ffff] mapped at [(____ptrval____)]
[    0.001294] check: Scanning 1 areas for low memory corruption
[    0.001297] Base memory trampoline at [(____ptrval____)] 99000 size 24576
[    0.001320] BRK [0x49401000, 0x49401fff] PGTABLE
[    0.001322] BRK [0x49402000, 0x49402fff] PGTABLE
[    0.001324] BRK [0x49403000, 0x49403fff] PGTABLE
[    0.001344] BRK [0x49404000, 0x49404fff] PGTABLE
[    0.001347] BRK [0x49405000, 0x49405fff] PGTABLE
[    0.001426] BRK [0x49406000, 0x49406fff] PGTABLE
[    0.001450] RAMDISK: [mem 0x366ad000-0x3734dfff]
[    0.001460] ACPI: Early table checksum verification disabled
[    0.001482] ACPI: RSDP 0x00000000000E0000 000024 (v02 VBOX  )
[    0.001488] ACPI: XSDT 0x000000007FFF0030 00003C (v01 VBOX   VBOXXSDT 00000001 ASL  00000061)
[    0.001495] ACPI: FACP 0x000000007FFF00F0 0000F4 (v04 VBOX   VBOXFACP 00000001 ASL  00000061)
[    0.001502] ACPI: DSDT 0x000000007FFF0470 0021FF (v02 VBOX   VBOXBIOS 00000002 INTL 20180105)
[    0.001508] ACPI: FACS 0x000000007FFF0200 000040
[    0.001513] ACPI: FACS 0x000000007FFF0200 000040
[    0.001517] ACPI: APIC 0x000000007FFF0240 00005C (v02 VBOX   VBOXAPIC 00000001 ASL  00000061)
[    0.001523] ACPI: SSDT 0x000000007FFF02A0 0001CC (v01 VBOX   VBOXCPUT 00000002 INTL 20180105)
[    0.001534] ACPI: Local APIC address 0xfee00000
[    0.001687] No NUMA configuration found
[    0.001689] Faking a node at [mem 0x0000000000000000-0x000000007ffeffff]
[    0.001692] NODE_DATA(0) allocated [mem 0x7ffec000-0x7ffeffff]
[    0.001960] Zone ranges:
[    0.001962]   DMA      [mem 0x0000000000001000-0x0000000000ffffff]
[    0.001964]   DMA32    [mem 0x0000000001000000-0x000000007ffeffff]
[    0.001966]   Normal   empty
[    0.001968] Movable zone start for each node
[    0.001969] Early memory node ranges
[    0.001971]   node   0: [mem 0x0000000000001000-0x000000000009efff]
[    0.001972]   node   0: [mem 0x0000000000100000-0x000000007ffeffff]
[    0.002413] Reserved but unavailable: 114 pages
[    0.002417] Initmem setup node 0 [mem 0x0000000000001000-0x000000007ffeffff]
[    0.002419] On node 0 totalpages: 524174
[    0.002421]   DMA zone: 64 pages used for memmap
[    0.002422]   DMA zone: 21 pages reserved
[    0.002424]   DMA zone: 3998 pages, LIFO batch:0
[    0.002516]   DMA32 zone: 8128 pages used for memmap
[    0.002538]   DMA32 zone: 520176 pages, LIFO batch:63
[    0.013728] ACPI: PM-Timer IO Port: 0x4008
[    0.013733] ACPI: Local APIC address 0xfee00000
[    0.013791] IOAPIC[0]: apic_id 2, version 32, address 0xfec00000, GSI 0-23
[    0.013796] ACPI: INT_SRC_OVR (bus 0 bus_irq 0 global_irq 2 dfl dfl)
[    0.013798] ACPI: INT_SRC_OVR (bus 0 bus_irq 9 global_irq 9 low level)
[    0.013801] ACPI: IRQ0 used by override.
[    0.013803] ACPI: IRQ9 used by override.
[    0.013807] Using ACPI (MADT) for SMP configuration information
[    0.013814] smpboot: Allowing 2 CPUs, 0 hotplug CPUs
[    0.013826] PM: Registered nosave memory: [mem 0x00000000-0x00000fff]
[    0.013828] PM: Registered nosave memory: [mem 0x0009f000-0x0009ffff]
[    0.013830] PM: Registered nosave memory: [mem 0x000a0000-0x000effff]
[    0.013831] PM: Registered nosave memory: [mem 0x000f0000-0x000fffff]
[    0.013833] [mem 0x80000000-0xfebfffff] available for PCI devices
[    0.013837] clocksource: refined-jiffies: mask: 0xffffffff max_cycles: 0xffffffff, max_idle_ns: 1910969940391419 ns
[    0.111444] random: get_random_bytes called from start_kernel+0x8b/0x489 with crng_init=0
[    0.111454] setup_percpu: NR_CPUS:64 nr_cpumask_bits:64 nr_cpu_ids:2 nr_node_ids:1
[    0.111836] percpu: Embedded 43 pages/cpu @(____ptrval____) s138008 r8192 d29928 u1048576
[    0.111844] pcpu-alloc: s138008 r8192 d29928 u1048576 alloc=1*2097152
[    0.111846] pcpu-alloc: [0] 0 1 
[    0.111862] Built 1 zonelists, mobility grouping on.  Total pages: 515961
[    0.111863] Policy zone: DMA32
[    0.111866] Kernel command line: BOOT_IMAGE=/boot/vmlinuz-4.19.0-rc7-next-20181011 root=UUID=463e14f3-161b-4fe7-bff2-4ec73d488ea7 ro quiet splash
[    0.111975] Calgary: detecting Calgary via BIOS EBDA area
[    0.111978] Calgary: Unable to locate Rio Grande table in EBDA - bailing!
[    0.118520] Memory: 2023724K/2096696K available (12293K kernel code, 1253K rwdata, 3088K rodata, 1244K init, 1580K bss, 72972K reserved, 0K cma-reserved)
[    0.118839] SLUB: HWalign=64, Order=0-3, MinObjects=0, CPUs=2, Nodes=1
[    0.118845] Kernel/User page tables isolation: enabled
[    0.119239] rcu: Hierarchical RCU implementation.
[    0.119241] rcu: 	RCU event tracing is enabled.
[    0.119243] rcu: 	RCU restricting CPUs from NR_CPUS=64 to nr_cpu_ids=2.
[    0.119245] rcu: RCU calculated value of scheduler-enlistment delay is 100 jiffies.
[    0.119247] rcu: Adjusting geometry for rcu_fanout_leaf=16, nr_cpu_ids=2
[    0.119393] NR_IRQS: 4352, nr_irqs: 440, preallocated irqs: 16
[    0.126096] Console: colour VGA+ 80x25
[    0.126099] console [tty0] enabled
[    0.126113] ACPI: Core revision 20181003
[    0.126241] APIC: Switch to symmetric I/O mode setup
[    0.127184] ..TIMER: vector=0x30 apic1=0 pin1=2 apic2=-1 pin2=-1
[    0.131203] clocksource: tsc-early: mask: 0xffffffffffffffff max_cycles: 0x2563bbcf5f6, max_idle_ns: 440795333198 ns
[    0.131228] Calibrating delay loop (skipped), value calculated using timer frequency.. 5187.80 BogoMIPS (lpj=2593902)
[    0.131231] pid_max: default: 32768 minimum: 301
[    0.131245] Security Framework initialized
[    0.131248] SELinux:  Initializing.
[    0.131257] *** VALIDATE SELinux ***
[    0.131760] Dentry cache hash table entries: 262144 (order: 9, 2097152 bytes)
[    0.131861] Inode-cache hash table entries: 131072 (order: 8, 1048576 bytes)
[    0.131871] Mount-cache hash table entries: 4096 (order: 3, 32768 bytes)
[    0.131877] Mountpoint-cache hash table entries: 4096 (order: 3, 32768 bytes)
[    0.131991] *** VALIDATE proc ***
[    0.132013] *** VALIDATE cgroup1 ***
[    0.132016] *** VALIDATE cgroup2 ***
[    0.132071] mce: CPU supports 0 MCE banks
[    0.132093] Last level iTLB entries: 4KB 512, 2MB 8, 4MB 8
[    0.132095] Last level dTLB entries: 4KB 512, 2MB 32, 4MB 32, 1GB 0
[    0.132097] Spectre V2 : Mitigation: Full generic retpoline
[    0.132099] Spectre V2 : Spectre v2 / SpectreRSB mitigation: Filling RSB on context switch
[    0.132100] Speculative Store Bypass: Vulnerable
[    0.132188] Freeing SMP alternatives memory: 40K
[    0.133206] smpboot: CPU0: Intel(R) Core(TM) i5-3320M CPU @ 2.60GHz (family: 0x6, model: 0x3a, stepping: 0x9)
[    0.133206] Performance Events: unsupported p6 CPU model 58 no PMU driver, software events only.
[    0.133206] rcu: Hierarchical SRCU implementation.
[    0.133206] smp: Bringing up secondary CPUs ...
[    0.133424] x86: Booting SMP configuration:
[    0.133426] .... node  #0, CPUs:      #1
[    0.007672] mce: CPU supports 0 MCE banks
[    0.134244] smp: Brought up 1 node, 2 CPUs
[    0.134244] smpboot: Max logical packages: 1
[    0.134244] smpboot: Total of 2 processors activated (10375.60 BogoMIPS)
[    0.135334] devtmpfs: initialized
[    0.135421] clocksource: jiffies: mask: 0xffffffff max_cycles: 0xffffffff, max_idle_ns: 1911260446275000 ns
[    0.135430] futex hash table entries: 512 (order: 3, 32768 bytes)
[    0.136242] RTC time: 15:10:51, date: 10/11/18
[    0.136407] NET: Registered protocol family 16
[    0.136493] audit: initializing netlink subsys (disabled)
[    0.136533] audit: type=2000 audit(1539270651.010:1): state=initialized audit_enabled=0 res=1
[    0.136533] cpuidle: using governor menu
[    0.136533] ACPI: bus type PCI registered
[    0.136533] PCI: Using configuration type 1 for base access
[    0.139302] HugeTLB registered 2.00 MiB page size, pre-allocated 0 pages
[    0.139440] ACPI: Added _OSI(Module Device)
[    0.139443] ACPI: Added _OSI(Processor Device)
[    0.139446] ACPI: Added _OSI(3.0 _SCP Extensions)
[    0.139449] ACPI: Added _OSI(Processor Aggregator Device)
[    0.139453] ACPI: Added _OSI(Linux-Dell-Video)
[    0.139456] ACPI: Added _OSI(Linux-Lenovo-NV-HDMI-Audio)
[    0.141125] ACPI: 2 ACPI AML tables successfully acquired and loaded
[    0.142440] ACPI: Interpreter enabled
[    0.142451] ACPI: (supports S0 S5)
[    0.142453] ACPI: Using IOAPIC for interrupt routing
[    0.142587] PCI: Using host bridge windows from ACPI; if necessary, use "pci=nocrs" and report a bug
[    0.142668] ACPI: Enabled 2 GPEs in block 00 to 07
[    0.146229] ACPI: PCI Root Bridge [PCI0] (domain 0000 [bus 00-ff])
[    0.146235] acpi PNP0A03:00: _OSC: OS supports [ASPM ClockPM Segments MSI]
[    0.146249] acpi PNP0A03:00: _OSC: not requesting OS control; OS requires [ExtendedConfig ASPM ClockPM MSI]
[    0.146256] acpi PNP0A03:00: fail to add MMCONFIG information, can't access extended PCI configuration space under this bridge.
[    0.146330] PCI host bridge to bus 0000:00
[    0.146333] pci_bus 0000:00: root bus resource [io  0x0000-0x0cf7 window]
[    0.146335] pci_bus 0000:00: root bus resource [io  0x0d00-0xffff window]
[    0.146338] pci_bus 0000:00: root bus resource [mem 0x000a0000-0x000bffff window]
[    0.146340] pci_bus 0000:00: root bus resource [mem 0x80000000-0xfdffffff window]
[    0.146343] pci_bus 0000:00: root bus resource [bus 00-ff]
[    0.146376] pci 0000:00:00.0: [8086:1237] type 00 class 0x060000
[    0.146775] pci 0000:00:01.0: [8086:7000] type 00 class 0x060100
[    0.147401] pci 0000:00:01.1: [8086:7111] type 00 class 0x01018a
[    0.147699] pci 0000:00:01.1: reg 0x20: [io  0xd000-0xd00f]
[    0.147826] pci 0000:00:01.1: legacy IDE quirk: reg 0x10: [io  0x01f0-0x01f7]
[    0.147828] pci 0000:00:01.1: legacy IDE quirk: reg 0x14: [io  0x03f6]
[    0.147830] pci 0000:00:01.1: legacy IDE quirk: reg 0x18: [io  0x0170-0x0177]
[    0.147832] pci 0000:00:01.1: legacy IDE quirk: reg 0x1c: [io  0x0376]
[    0.148069] pci 0000:00:02.0: [80ee:beef] type 00 class 0x030000
[    0.149565] pci 0000:00:02.0: reg 0x10: [mem 0xe0000000-0xe0ffffff pref]
[    0.155866] pci 0000:00:03.0: [8086:100e] type 00 class 0x020000
[    0.157160] pci 0000:00:03.0: reg 0x10: [mem 0xf0000000-0xf001ffff]
[    0.159256] pci 0000:00:03.0: reg 0x18: [io  0xd010-0xd017]
[    0.162870] pci 0000:00:04.0: [80ee:cafe] type 00 class 0x088000
[    0.163419] pci 0000:00:04.0: reg 0x10: [io  0xd020-0xd03f]
[    0.164248] pci 0000:00:04.0: reg 0x14: [mem 0xf0400000-0xf07fffff]
[    0.165159] pci 0000:00:04.0: reg 0x18: [mem 0xf0800000-0xf0803fff pref]
[    0.169686] pci 0000:00:05.0: [8086:2415] type 00 class 0x040100
[    0.169940] pci 0000:00:05.0: reg 0x10: [io  0xd100-0xd1ff]
[    0.170055] pci 0000:00:05.0: reg 0x14: [io  0xd200-0xd23f]
[    0.170959] pci 0000:00:06.0: [106b:003f] type 00 class 0x0c0310
[    0.172351] pci 0000:00:06.0: reg 0x10: [mem 0xf0804000-0xf0804fff]
[    0.178780] pci 0000:00:07.0: [8086:7113] type 00 class 0x068000
[    0.179335] pci 0000:00:07.0: quirk: [io  0x4000-0x403f] claimed by PIIX4 ACPI
[    0.179350] pci 0000:00:07.0: quirk: [io  0x4100-0x410f] claimed by PIIX4 SMB
[    0.179730] pci 0000:00:0b.0: [8086:265c] type 00 class 0x0c0320
[    0.180399] pci 0000:00:0b.0: reg 0x10: [mem 0xf0805000-0xf0805fff]
[    0.185958] pci 0000:00:0d.0: [8086:2829] type 00 class 0x010601
[    0.187257] pci 0000:00:0d.0: reg 0x10: [io  0xd240-0xd247]
[    0.188267] pci 0000:00:0d.0: reg 0x14: [io  0xd248-0xd24b]
[    0.189166] pci 0000:00:0d.0: reg 0x18: [io  0xd250-0xd257]
[    0.190246] pci 0000:00:0d.0: reg 0x1c: [io  0xd258-0xd25b]
[    0.191117] pci 0000:00:0d.0: reg 0x20: [io  0xd260-0xd26f]
[    0.192309] pci 0000:00:0d.0: reg 0x24: [mem 0xf0806000-0xf0807fff]
[    0.195034] ACPI: PCI Interrupt Link [LNKA] (IRQs 5 9 10 *11)
[    0.195324] ACPI: PCI Interrupt Link [LNKB] (IRQs 5 9 *10 11)
[    0.195397] ACPI: PCI Interrupt Link [LNKC] (IRQs 5 *9 10 11)
[    0.195520] ACPI: PCI Interrupt Link [LNKD] (IRQs 5 9 10 *11)
[    0.195825] pci 0000:00:02.0: vgaarb: setting as boot VGA device
[    0.195825] pci 0000:00:02.0: vgaarb: VGA device added: decodes=io+mem,owns=io+mem,locks=none
[    0.195825] pci 0000:00:02.0: vgaarb: bridge control possible
[    0.195825] vgaarb: loaded
[    0.196275] SCSI subsystem initialized
[    0.196396] libata version 3.00 loaded.
[    0.196396] ACPI: bus type USB registered
[    0.196396] usbcore: registered new interface driver usbfs
[    0.196396] usbcore: registered new interface driver hub
[    0.196396] usbcore: registered new device driver usb
[    0.196411] pps_core: LinuxPPS API ver. 1 registered
[    0.196414] pps_core: Software ver. 5.3.6 - Copyright 2005-2007 Rodolfo Giometti <giometti@linux.it>
[    0.196418] PTP clock support registered
[    0.196489] EDAC MC: Ver: 3.0.0
[    0.197299] Advanced Linux Sound Architecture Driver Initialized.
[    0.197312] PCI: Using ACPI for IRQ routing
[    0.197315] PCI: pci_cache_line_size set to 64 bytes
[    0.197456] e820: reserve RAM buffer [mem 0x0009fc00-0x0009ffff]
[    0.197461] e820: reserve RAM buffer [mem 0x7fff0000-0x7fffffff]
[    0.197608] NetLabel: Initializing
[    0.197610] NetLabel:  domain hash size = 128
[    0.197612] NetLabel:  protocols = UNLABELED CIPSOv4 CALIPSO
[    0.197633] NetLabel:  unlabeled traffic allowed by default
[    0.198368] clocksource: Switched to clocksource tsc-early
[    0.213533] VFS: Disk quotas dquot_6.6.0
[    0.213549] VFS: Dquot-cache hash table entries: 512 (order 0, 4096 bytes)
[    0.213574] *** VALIDATE hugetlbfs ***
[    0.213612] pnp: PnP ACPI init
[    0.213763] pnp 00:00: Plug and Play ACPI device, IDs PNP0303 (active)
[    0.213827] pnp 00:01: Plug and Play ACPI device, IDs PNP0f03 (active)
[    0.214667] pnp: PnP ACPI: found 2 devices
[    0.230477] clocksource: acpi_pm: mask: 0xffffff max_cycles: 0xffffff, max_idle_ns: 2085701024 ns
[    0.230491] pci_bus 0000:00: resource 4 [io  0x0000-0x0cf7 window]
[    0.230494] pci_bus 0000:00: resource 5 [io  0x0d00-0xffff window]
[    0.230497] pci_bus 0000:00: resource 6 [mem 0x000a0000-0x000bffff window]
[    0.230499] pci_bus 0000:00: resource 7 [mem 0x80000000-0xfdffffff window]
[    0.230563] NET: Registered protocol family 2
[    0.230803] tcp_listen_portaddr_hash hash table entries: 1024 (order: 2, 16384 bytes)
[    0.230819] TCP established hash table entries: 16384 (order: 5, 131072 bytes)
[    0.230849] TCP bind hash table entries: 16384 (order: 6, 262144 bytes)
[    0.230875] TCP: Hash tables configured (established 16384 bind 16384)
[    0.230913] UDP hash table entries: 1024 (order: 3, 32768 bytes)
[    0.230921] UDP-Lite hash table entries: 1024 (order: 3, 32768 bytes)
[    0.230959] NET: Registered protocol family 1
[    0.231465] RPC: Registered named UNIX socket transport module.
[    0.231468] RPC: Registered udp transport module.
[    0.231471] RPC: Registered tcp transport module.
[    0.231472] RPC: Registered tcp NFSv4.1 backchannel transport module.
[    0.231670] pci 0000:00:00.0: Limiting direct PCI/PCI transfers
[    0.231770] pci 0000:00:01.0: Activating ISA DMA hang workarounds
[    0.231829] pci 0000:00:02.0: Video device with shadowed ROM at [mem 0x000c0000-0x000dffff]
[    0.234112] PCI: CLS 0 bytes, default 64
[    0.234165] Unpacking initramfs...
[    0.413642] Freeing initrd memory: 12932K
[    0.413884] RAPL PMU: API unit is 2^-32 Joules, 3 fixed counters, 10737418240 ms ovfl timer
[    0.413886] RAPL PMU: hw unit of domain pp0-core 2^-0 Joules
[    0.413888] RAPL PMU: hw unit of domain package 2^-0 Joules
[    0.413889] RAPL PMU: hw unit of domain pp1-gpu 2^-0 Joules
[    0.413939] platform rtc_cmos: registered platform RTC device (no PNP device found)
[    0.414670] check: Scanning for low memory corruption every 60 seconds
[    0.415487] Initialise system trusted keyrings
[    0.415632] workingset: timestamp_bits=56 max_order=19 bucket_order=0
[    0.417661] NFS: Registering the id_resolver key type
[    0.417667] Key type id_resolver registered
[    0.417668] Key type id_legacy registered
[    0.419924] cryptomgr_test (36) used greatest stack depth: 15504 bytes left
[    0.420751] modprobe (38) used greatest stack depth: 14600 bytes left
[    0.420751] modprobe (40) used greatest stack depth: 14328 bytes left
[    0.449890] Key type asymmetric registered
[    0.449894] Asymmetric key parser 'x509' registered
[    0.449919] Block layer SCSI generic (bsg) driver version 0.4 loaded (major 251)
[    0.449923] io scheduler noop registered
[    0.449925] io scheduler deadline registered
[    0.450058] io scheduler cfq registered (default)
[    0.450061] io scheduler mq-deadline registered
[    0.450063] io scheduler kyber registered
[    0.450475] ACPI: AC Adapter [AC] (on-line)
[    0.450538] input: Power Button as /devices/LNXSYSTM:00/LNXPWRBN:00/input/input0
[    0.450568] ACPI: Power Button [PWRF]
[    0.450647] input: Sleep Button as /devices/LNXSYSTM:00/LNXSLPBN:00/input/input1
[    0.450656] ACPI: Sleep Button [SLPF]
[    0.450810] ACPI: Video Device [GFX0] (multi-head: yes  rom: no  post: no)
[    0.450890] input: Video Bus as /devices/LNXSYSTM:00/LNXSYBUS:00/PNP0A03:00/LNXVIDEO:00/input/input2
[    0.451450] Serial: 8250/16550 driver, 4 ports, IRQ sharing enabled
[    0.451879] battery: ACPI: Battery Slot [BAT0] (battery present)
[    0.453078] Non-volatile memory driver v1.3
[    0.453199] Linux agpgart interface v0.103
[    0.457140] loop: module loaded
[    0.457212] ahci 0000:00:0d.0: version 3.0
[    0.457778] ahci 0000:00:0d.0: SSS flag set, parallel bus scan disabled
[    0.457897] ahci 0000:00:0d.0: AHCI 0001.0100 32 slots 1 ports 3 Gbps 0x1 impl SATA mode
[    0.457900] ahci 0000:00:0d.0: flags: 64bit ncq stag only ccc 
[    0.458468] scsi host0: ahci
[    0.458635] ata1: SATA max UDMA/133 abar m8192@0xf0806000 port 0xf0806100 irq 21
[    0.458786] ata_piix 0000:00:01.1: version 2.13
[    0.459529] scsi host1: ata_piix
[    0.459839] scsi host2: ata_piix
[    0.459890] ata2: PATA max UDMA/33 cmd 0x1f0 ctl 0x3f6 bmdma 0xd000 irq 14
[    0.459893] ata3: PATA max UDMA/33 cmd 0x170 ctl 0x376 bmdma 0xd008 irq 15
[    0.460102] e100: Intel(R) PRO/100 Network Driver, 3.5.24-k2-NAPI
[    0.460104] e100: Copyright(c) 1999-2006 Intel Corporation
[    0.460117] e1000: Intel(R) PRO/1000 Network Driver - version 7.3.21-k8-NAPI
[    0.460120] e1000: Copyright (c) 1999-2006 Intel Corporation.
[    0.615136] ata3.00: ATAPI: VBOX CD-ROM, 1.0, max UDMA/133
[    0.763920] ata1: SATA link up 3.0 Gbps (SStatus 123 SControl 300)
[    0.764126] ata1.00: ATA-6: VBOX HARDDISK, 1.0, max UDMA/133
[    0.764130] ata1.00: 32266784 sectors, multi 128: LBA48 NCQ (depth 32)
[    0.764338] ata1.00: configured for UDMA/133
[    0.764542] scsi 0:0:0:0: Direct-Access     ATA      VBOX HARDDISK    1.0  PQ: 0 ANSI: 5
[    0.764878] sd 0:0:0:0: Attached scsi generic sg0 type 0
[    0.765171] sd 0:0:0:0: [sda] 32266784 512-byte logical blocks: (16.5 GB/15.4 GiB)
[    0.765208] sd 0:0:0:0: [sda] Write Protect is off
[    0.765212] sd 0:0:0:0: [sda] Mode Sense: 00 3a 00 00
[    0.765279] sd 0:0:0:0: [sda] Write cache: enabled, read cache: enabled, doesn't support DPO or FUA
[    0.766466] scsi 2:0:0:0: CD-ROM            VBOX     CD-ROM           1.0  PQ: 0 ANSI: 5
[    0.778174]  sda: sda1
[    0.778608] sd 0:0:0:0: [sda] Attached SCSI disk
[    0.801491] sr 2:0:0:0: [sr0] scsi3-mmc drive: 32x/32x xa/form2 tray
[    0.801496] cdrom: Uniform CD-ROM driver Revision: 3.20
[    0.801770] sr 2:0:0:0: Attached scsi CD-ROM sr0
[    0.802003] sr 2:0:0:0: Attached scsi generic sg1 type 5
[    0.830573] e1000 0000:00:03.0 eth0: (PCI:33MHz:32-bit) 08:00:27:45:69:8b
[    0.830584] e1000 0000:00:03.0 eth0: Intel(R) PRO/1000 Network Connection
[    0.830619] e1000e: Intel(R) PRO/1000 Network Driver - 3.2.6-k
[    0.830621] e1000e: Copyright(c) 1999 - 2015 Intel Corporation.
[    0.830639] sky2: driver version 1.30
[    0.830893] ehci_hcd: USB 2.0 'Enhanced' Host Controller (EHCI) Driver
[    0.830896] ehci-pci: EHCI PCI platform driver
[    0.831485] ehci-pci 0000:00:0b.0: EHCI Host Controller
[    0.831775] ehci-pci 0000:00:0b.0: new USB bus registered, assigned bus number 1
[    0.831963] ehci-pci 0000:00:0b.0: irq 19, io mem 0xf0805000
[    0.838137] ehci-pci 0000:00:0b.0: USB 2.0 started, EHCI 1.00
[    0.838199] usb usb1: New USB device found, idVendor=1d6b, idProduct=0002, bcdDevice= 4.19
[    0.838202] usb usb1: New USB device strings: Mfr=3, Product=2, SerialNumber=1
[    0.838204] usb usb1: Product: EHCI Host Controller
[    0.838207] usb usb1: Manufacturer: Linux 4.19.0-rc7-next-20181011 ehci_hcd
[    0.838210] usb usb1: SerialNumber: 0000:00:0b.0
[    0.838500] hub 1-0:1.0: USB hub found
[    0.838511] hub 1-0:1.0: 12 ports detected
[    0.838770] ohci_hcd: USB 1.1 'Open' Host Controller (OHCI) Driver
[    0.838777] ohci-pci: OHCI PCI platform driver
[    0.839300] ohci-pci 0000:00:06.0: OHCI PCI host controller
[    0.839544] ohci-pci 0000:00:06.0: new USB bus registered, assigned bus number 2
[    0.839614] ohci-pci 0000:00:06.0: irq 22, io mem 0xf0804000
[    0.891692] usb usb2: New USB device found, idVendor=1d6b, idProduct=0001, bcdDevice= 4.19
[    0.891699] usb usb2: New USB device strings: Mfr=3, Product=2, SerialNumber=1
[    0.891707] usb usb2: Product: OHCI PCI host controller
[    0.891715] usb usb2: Manufacturer: Linux 4.19.0-rc7-next-20181011 ohci_hcd
[    0.891733] usb usb2: SerialNumber: 0000:00:06.0
[    0.892200] hub 2-0:1.0: USB hub found
[    0.892235] hub 2-0:1.0: 12 ports detected
[    0.893087] uhci_hcd: USB Universal Host Controller Interface driver
[    0.893143] usbcore: registered new interface driver usblp
[    0.893169] usbcore: registered new interface driver usb-storage
[    0.893220] i8042: PNP: PS/2 Controller [PNP0303:PS2K,PNP0f03:PS2M] at 0x60,0x64 irq 1,12
[    0.894221] serio: i8042 KBD port at 0x60,0x64 irq 1
[    0.894294] serio: i8042 AUX port at 0x60,0x64 irq 12
[    0.895681] input: AT Translated Set 2 keyboard as /devices/platform/i8042/serio0/input/input3
[    0.897458] rtc_cmos rtc_cmos: registered as rtc0
[    0.897496] rtc_cmos rtc_cmos: alarms up to one day, 114 bytes nvram
[    0.898354] device-mapper: ioctl: 4.39.0-ioctl (2018-04-03) initialised: dm-devel@redhat.com
[    0.898383] hidraw: raw HID events driver (C) Jiri Kosina
[    0.899210] usbcore: registered new interface driver usbhid
[    0.899230] usbhid: USB HID core driver
[    0.901603] Initializing XFRM netlink socket
[    0.902249] NET: Registered protocol family 10
[    0.903111] Segment Routing with IPv6
[    0.903503] sit: IPv6, IPv4 and MPLS over IPv4 tunneling driver
[    0.903611] NET: Registered protocol family 17
[    0.903626] Key type dns_resolver registered
[    0.903990] sched_clock: Marking stable (897210180, 6672764)->(1007190449, -103307505)
[    0.905200] registered taskstats version 1
[    0.905202] Loading compiled-in X.509 certificates
[    0.905422]   Magic number: 6:59:184
[    0.905468] console [netcon0] enabled
[    0.905470] netconsole: network logging started
[    0.905521] cfg80211: Loading compiled-in X.509 certificates for regulatory database
[    0.910345] cfg80211: Loaded X.509 cert 'sforshee: 00b28ddf47aef9cea7'
[    0.910351] ALSA device list:
[    0.910353]   No soundcards found.
[    0.910648] Freeing unused kernel image memory: 1244K
[    0.910805] platform regulatory.0: Direct firmware load for regulatory.db failed with error -2
[    0.910811] cfg80211: failed to load regulatory.db
[    0.914851] Write protecting the kernel read-only data: 18432k
[    0.915570] Freeing unused kernel image memory: 2008K
[    0.915951] Freeing unused kernel image memory: 1008K
[    0.916040] Run /init as init process
[    0.921065] exe (113) used greatest stack depth: 14184 bytes left
[    1.008440] udevadm (137) used greatest stack depth: 14160 bytes left
[    1.018720] e1000 0000:00:03.0 enp0s3: renamed from eth0
[    1.081899] ata_id (155) used greatest stack depth: 13744 bytes left
[    1.098442] systemd-udevd (146) used greatest stack depth: 13640 bytes left
[    1.118226] random: fast init done
[    1.123562] input: ImExPS/2 Generic Explorer Mouse as /devices/platform/i8042/serio1/input/input5
[    1.185892] EXT4-fs (sda1): mounted filesystem with ordered data mode. Opts: (null)
[    1.278326] usb 2-1: new full-speed USB device number 2 using ohci-pci
[    1.355658] run-init (187) used greatest stack depth: 13560 bytes left
[    1.438506] tsc: Refined TSC clocksource calibration: 2594.110 MHz
[    1.438550] clocksource: tsc: mask: 0xffffffffffffffff max_cycles: 0x25648013570, max_idle_ns: 440795335968 ns
[    1.438860] clocksource: Switched to clocksource tsc
[    1.505690] usb 2-1: New USB device found, idVendor=80ee, idProduct=0021, bcdDevice= 1.00
[    1.505697] usb 2-1: New USB device strings: Mfr=1, Product=3, SerialNumber=0
[    1.505702] usb 2-1: Product: USB Tablet
[    1.505707] usb 2-1: Manufacturer: VirtualBox
[    1.518545] input: VirtualBox USB Tablet as /devices/pci0000:00/0000:00:06.0/usb2/2-1/2-1:1.0/0003:80EE:0021.0001/input/input6
[    1.519113] hid-generic 0003:80EE:0021.0001: input,hidraw0: USB HID v1.10 Mouse [VirtualBox USB Tablet] on usb-0000:00:06.0-1/input0
[    1.843368] random: crng init done
[    3.368466] systemd[1]: systemd 237 running in system mode. (+PAM +AUDIT +SELINUX +IMA +APPARMOR +SMACK +SYSVINIT +UTMP +LIBCRYPTSETUP +GCRYPT +GNUTLS +ACL +XZ +LZ4 +SECCOMP +BLKID +ELFUTILS +KMOD -IDN2 +IDN -PCRE2 default-hierarchy=hybrid)
[    3.368539] systemd[1]: Detected virtualization oracle.
[    3.368550] systemd[1]: Detected architecture x86-64.
[    3.385820] systemd[1]: Set hostname to <wkhosa>.
[    4.126996] systemd-sysv-ge (201) used greatest stack depth: 13000 bytes left
[    4.642215] systemd[1]: File /lib/systemd/system/systemd-journald.service:36 configures an IP firewall (IPAddressDeny=any), but the local system does not support BPF/cgroup based firewalling.
[    4.642329] systemd[1]: Proceeding WITHOUT firewalling in effect! (This warning is only shown for the first loaded unit using IP firewalling.)
[    5.998313] systemd[1]: Created slice System Slice.
[    5.998694] systemd[1]: Listening on Journal Audit Socket.
[    5.998739] systemd[1]: Reached target User and Group Name Lookups.
[    5.998880] systemd[1]: Created slice User and Session Slice.
[    6.543920] EXT4-fs (sda1): re-mounted. Opts: errors=remount-ro
[    6.780748] systemd-journald[215]: Received request to flush runtime journal from PID 1
[    6.924308] Adding 747444k swap on /swapfile.  Priority:-2 extents:3 across:763828k 
[   18.279087] IPv6: ADDRCONF(NETDEV_UP): enp0s3: link is not ready
[   18.281849] IPv6: ADDRCONF(NETDEV_UP): enp0s3: link is not ready
[   18.282777] e1000: enp0s3 NIC Link is Up 1000 Mbps Full Duplex, Flow Control: RX
[   18.283071] IPv6: ADDRCONF(NETDEV_CHANGE): enp0s3: link becomes ready
