[    0.000000] Linux version 4.19.0-rc6-00029-g1d2ba7f (root@wkhosa) (gcc version 7.3.0 (GCC)) #1 SMP Wed Oct 3 11:16:42 SAST 2018
[    0.000000] Command line: BOOT_IMAGE=/vmlinuz-4.19.0-rc6-00029-g1d2ba7f root=/dev/sda2 ro net.ifnames=0
[    0.000000] x86/fpu: Supporting XSAVE feature 0x001: 'x87 floating point registers'
[    0.000000] x86/fpu: Supporting XSAVE feature 0x002: 'SSE registers'
[    0.000000] x86/fpu: Supporting XSAVE feature 0x004: 'AVX registers'
[    0.000000] x86/fpu: xstate_offset[2]:  576, xstate_sizes[2]:  256
[    0.000000] x86/fpu: Enabled xstate features 0x7, context size is 832 bytes, using 'standard' format.
[    0.000000] BIOS-provided physical RAM map:
[    0.000000] BIOS-e820: [mem 0x0000000000000000-0x000000000009fbff] usable
[    0.000000] BIOS-e820: [mem 0x000000000009fc00-0x000000000009ffff] reserved
[    0.000000] BIOS-e820: [mem 0x00000000000f0000-0x00000000000fffff] reserved
[    0.000000] BIOS-e820: [mem 0x0000000000100000-0x000000007ffeffff] usable
[    0.000000] BIOS-e820: [mem 0x000000007fff0000-0x000000007fffffff] ACPI data
[    0.000000] BIOS-e820: [mem 0x00000000fec00000-0x00000000fec00fff] reserved
[    0.000000] BIOS-e820: [mem 0x00000000fee00000-0x00000000fee00fff] reserved
[    0.000000] BIOS-e820: [mem 0x00000000fffc0000-0x00000000ffffffff] reserved
[    0.000000] NX (Execute Disable) protection: active
[    0.000000] SMBIOS 2.5 present.
[    0.000000] DMI: innotek GmbH VirtualBox/VirtualBox, BIOS VirtualBox 12/01/2006
[    0.000000] tsc: Fast TSC calibration using PIT
[    0.000000] tsc: Detected 2793.600 MHz processor
[    0.002634] e820: update [mem 0x00000000-0x00000fff] usable ==> reserved
[    0.002637] e820: remove [mem 0x000a0000-0x000fffff] usable
[    0.002641] last_pfn = 0x7fff0 max_arch_pfn = 0x400000000
[    0.002649] MTRR default type: uncachable
[    0.002650] MTRR variable ranges disabled:
[    0.002652] Disabled
[    0.002653] x86/PAT: MTRRs disabled, skipping PAT initialization too.
[    0.002656] CPU MTRRs all blank - virtualized system.
[    0.002659] x86/PAT: Configuration [0-7]: WB  WT  UC- UC  WB  WT  UC- UC  
[    0.002707] found SMP MP-table at [mem 0x0009fff0-0x0009ffff] mapped at [(____ptrval____)]
[    0.002722] Scanning 1 areas for low memory corruption
[    0.002725] Base memory trampoline at [(____ptrval____)] 99000 size 24576
[    0.002751] BRK [0x53c01000, 0x53c01fff] PGTABLE
[    0.002753] BRK [0x53c02000, 0x53c02fff] PGTABLE
[    0.002755] BRK [0x53c03000, 0x53c03fff] PGTABLE
[    0.002770] BRK [0x53c04000, 0x53c04fff] PGTABLE
[    0.002773] BRK [0x53c05000, 0x53c05fff] PGTABLE
[    0.002819] BRK [0x53c06000, 0x53c06fff] PGTABLE
[    0.002833] ACPI: Early table checksum verification disabled
[    0.002850] ACPI: RSDP 0x00000000000E0000 000024 (v02 VBOX  )
[    0.002854] ACPI: XSDT 0x000000007FFF0030 00003C (v01 VBOX   VBOXXSDT 00000001 ASL  00000061)
[    0.002859] ACPI: FACP 0x000000007FFF00F0 0000F4 (v04 VBOX   VBOXFACP 00000001 ASL  00000061)
[    0.002865] ACPI: DSDT 0x000000007FFF0480 0021FF (v02 VBOX   VBOXBIOS 00000002 INTL 20100528)
[    0.002869] ACPI: FACS 0x000000007FFF0200 000040
[    0.002872] ACPI: FACS 0x000000007FFF0200 000040
[    0.002876] ACPI: APIC 0x000000007FFF0240 00006C (v02 VBOX   VBOXAPIC 00000001 ASL  00000061)
[    0.002879] ACPI: SSDT 0x000000007FFF02B0 0001CC (v01 VBOX   VBOXCPUT 00000002 INTL 20100528)
[    0.002887] ACPI: Local APIC address 0xfee00000
[    0.003091] No NUMA configuration found
[    0.003093] Faking a node at [mem 0x0000000000000000-0x000000007ffeffff]
[    0.003096] NODE_DATA(0) allocated [mem 0x7ffec000-0x7ffeffff]
[    0.003459] Zone ranges:
[    0.003461]   DMA      [mem 0x0000000000001000-0x0000000000ffffff]
[    0.003463]   DMA32    [mem 0x0000000001000000-0x000000007ffeffff]
[    0.003465]   Normal   empty
[    0.003467] Movable zone start for each node
[    0.003469] Early memory node ranges
[    0.003470]   node   0: [mem 0x0000000000001000-0x000000000009efff]
[    0.003472]   node   0: [mem 0x0000000000100000-0x000000007ffeffff]
[    0.004086] Reserved but unavailable: 114 pages
[    0.004088] Initmem setup node 0 [mem 0x0000000000001000-0x000000007ffeffff]
[    0.004090] On node 0 totalpages: 524174
[    0.004092]   DMA zone: 64 pages used for memmap
[    0.004093]   DMA zone: 21 pages reserved
[    0.004095]   DMA zone: 3998 pages, LIFO batch:0
[    0.004163]   DMA32 zone: 8128 pages used for memmap
[    0.004164]   DMA32 zone: 520176 pages, LIFO batch:63
[    0.016667] ACPI: PM-Timer IO Port: 0x4008
[    0.016681] ACPI: Local APIC address 0xfee00000
[    0.016727] IOAPIC[0]: apic_id 4, version 32, address 0xfec00000, GSI 0-23
[    0.016731] ACPI: INT_SRC_OVR (bus 0 bus_irq 0 global_irq 2 dfl dfl)
[    0.016733] ACPI: INT_SRC_OVR (bus 0 bus_irq 9 global_irq 9 low level)
[    0.016751] ACPI: IRQ0 used by override.
[    0.016753] ACPI: IRQ9 used by override.
[    0.016755] Using ACPI (MADT) for SMP configuration information
[    0.016761] smpboot: Allowing 4 CPUs, 0 hotplug CPUs
[    0.016769] PM: Registered nosave memory: [mem 0x00000000-0x00000fff]
[    0.016771] PM: Registered nosave memory: [mem 0x0009f000-0x0009ffff]
[    0.016772] PM: Registered nosave memory: [mem 0x000a0000-0x000effff]
[    0.016774] PM: Registered nosave memory: [mem 0x000f0000-0x000fffff]
[    0.016776] [mem 0x80000000-0xfebfffff] available for PCI devices
[    0.016779] clocksource: refined-jiffies: mask: 0xffffffff max_cycles: 0xffffffff, max_idle_ns: 1910969940391419 ns
[    0.102402] random: get_random_bytes called from start_kernel+0x8b/0x4a4 with crng_init=0
[    0.102410] setup_percpu: NR_CPUS:64 nr_cpumask_bits:64 nr_cpu_ids:4 nr_node_ids:1
[    0.102936] percpu: Embedded 43 pages/cpu @(____ptrval____) s138456 r8192 d29480 u524288
[    0.102941] pcpu-alloc: s138456 r8192 d29480 u524288 alloc=1*2097152
[    0.102942] pcpu-alloc: [0] 0 1 2 3 
[    0.102955] Built 1 zonelists, mobility grouping on.  Total pages: 515961
[    0.102957] Policy zone: DMA32
[    0.102960] Kernel command line: BOOT_IMAGE=/vmlinuz-4.19.0-rc6-00029-g1d2ba7f root=/dev/sda2 ro net.ifnames=0
[    0.103058] Calgary: detecting Calgary via BIOS EBDA area
[    0.103060] Calgary: Unable to locate Rio Grande table in EBDA - bailing!
[    0.108514] Memory: 2036312K/2096696K available (12300K kernel code, 1310K rwdata, 3024K rodata, 1240K init, 1560K bss, 60384K reserved, 0K cma-reserved)
[    0.108963] SLUB: HWalign=64, Order=0-3, MinObjects=0, CPUs=4, Nodes=1
[    0.108968] Kernel/User page tables isolation: enabled
[    0.109411] rcu: Hierarchical RCU implementation.
[    0.109414] rcu: 	RCU event tracing is enabled.
[    0.109415] rcu: 	RCU restricting CPUs from NR_CPUS=64 to nr_cpu_ids=4.
[    0.109417] rcu: Adjusting geometry for rcu_fanout_leaf=16, nr_cpu_ids=4
[    0.109552] NR_IRQS: 4352, nr_irqs: 456, preallocated irqs: 16
[    0.118212] Console: colour VGA+ 80x25
[    0.153008] console [tty0] enabled
[    0.153366] ACPI: Core revision 20180810
[    0.153851] APIC: Switch to symmetric I/O mode setup
[    0.155187] ..TIMER: vector=0x30 apic1=0 pin1=2 apic2=-1 pin2=-1
[    0.159834] clocksource: tsc-early: mask: 0xffffffffffffffff max_cycles: 0x2844a30dd4e, max_idle_ns: 440795335860 ns
[    0.160503] Calibrating delay loop (skipped), value calculated using timer frequency.. 5587.20 BogoMIPS (lpj=2793600)
[    0.161498] pid_max: default: 32768 minimum: 301
[    0.162511] Security Framework initialized
[    0.163495] SELinux:  Initializing.
[    0.164572] Dentry cache hash table entries: 262144 (order: 9, 2097152 bytes)
[    0.165119] Inode-cache hash table entries: 131072 (order: 8, 1048576 bytes)
[    0.165512] Mount-cache hash table entries: 4096 (order: 3, 32768 bytes)
[    0.166011] Mountpoint-cache hash table entries: 4096 (order: 3, 32768 bytes)
[    0.166652] mce: CPU supports 0 MCE banks
[    0.167032] Last level iTLB entries: 4KB 128, 2MB 8, 4MB 8
[    0.167417] Last level dTLB entries: 4KB 64, 2MB 0, 4MB 0, 1GB 4
[    0.167895] Spectre V2 : Mitigation: Full generic retpoline
[    0.168285] Spectre V2 : Spectre v2 / SpectreRSB mitigation: Filling RSB on context switch
[    0.168493] Speculative Store Bypass: Vulnerable
[    0.169010] Freeing SMP alternatives memory: 40K
[    0.170488] smpboot: CPU0: Intel(R) Core(TM) i5-5575R CPU @ 2.80GHz (family: 0x6, model: 0x47, stepping: 0x1)
[    0.170880] Performance Events: unsupported p6 CPU model 71 no PMU driver, software events only.
[    0.171463] rcu: Hierarchical SRCU implementation.
[    0.172017] smp: Bringing up secondary CPUs ...
[    0.172510] x86: Booting SMP configuration:
[    0.172864] .... node  #0, CPUs:      #1
[    0.044779] mce: CPU supports 0 MCE banks
[    0.174635]  #2
[    0.044779] mce: CPU supports 0 MCE banks
[    0.176619]  #3
[    0.044779] mce: CPU supports 0 MCE banks
[    0.178532] smp: Brought up 1 node, 4 CPUs
[    0.180265] smpboot: Max logical packages: 1
[    0.180880] smpboot: Total of 4 processors activated (22348.80 BogoMIPS)
[    0.181551] devtmpfs: initialized
[    0.182623] clocksource: jiffies: mask: 0xffffffff max_cycles: 0xffffffff, max_idle_ns: 1911260446275000 ns
[    0.183246] futex hash table entries: 1024 (order: 4, 65536 bytes)
[    0.183705] RTC time:  9:41:57, date: 10/03/18
[    0.184603] NET: Registered protocol family 16
[    0.185073] audit: initializing netlink subsys (disabled)
[    0.185527] audit: type=2000 audit(1538559717.032:1): state=initialized audit_enabled=0 res=1
[    0.186523] cpuidle: using governor menu
[    0.186936] ACPI: bus type PCI registered
[    0.187594] PCI: Using configuration type 1 for base access
[    0.193551] HugeTLB registered 2.00 MiB page size, pre-allocated 0 pages
[    0.194587] ACPI: Added _OSI(Module Device)
[    0.194914] ACPI: Added _OSI(Processor Device)
[    0.195313] ACPI: Added _OSI(3.0 _SCP Extensions)
[    0.195495] ACPI: Added _OSI(Processor Aggregator Device)
[    0.196001] ACPI: Added _OSI(Linux-Dell-Video)
[    0.196499] ACPI: Added _OSI(Linux-Lenovo-NV-HDMI-Audio)
[    0.198318] ACPI: 2 ACPI AML tables successfully acquired and loaded
[    0.200341] ACPI: Interpreter enabled
[    0.200503] ACPI: (supports S0 S5)
[    0.200795] ACPI: Using IOAPIC for interrupt routing
[    0.201499] PCI: Using host bridge windows from ACPI; if necessary, use "pci=nocrs" and report a bug
[    0.202090] ACPI: Enabled 2 GPEs in block 00 to 07
[    0.206878] ACPI: PCI Root Bridge [PCI0] (domain 0000 [bus 00-ff])
[    0.207498] acpi PNP0A03:00: _OSC: OS supports [ASPM ClockPM Segments MSI]
[    0.207858] acpi PNP0A03:00: _OSC: not requesting OS control; OS requires [ExtendedConfig ASPM ClockPM MSI]
[    0.208499] acpi PNP0A03:00: fail to add MMCONFIG information, can't access extended PCI configuration space under this bridge.
[    0.209231] PCI host bridge to bus 0000:00
[    0.209495] pci_bus 0000:00: root bus resource [io  0x0000-0x0cf7 window]
[    0.209864] pci_bus 0000:00: root bus resource [io  0x0d00-0xffff window]
[    0.210321] pci_bus 0000:00: root bus resource [mem 0x000a0000-0x000bffff window]
[    0.210495] pci_bus 0000:00: root bus resource [mem 0x80000000-0xfdffffff window]
[    0.211494] pci_bus 0000:00: root bus resource [bus 00-ff]
[    0.211957] pci 0000:00:00.0: [8086:1237] type 00 class 0x060000
[    0.212821] pci 0000:00:01.0: [8086:7000] type 00 class 0x060100
[    0.213890] pci 0000:00:01.1: [8086:7111] type 00 class 0x01018a
[    0.214667] pci 0000:00:01.1: reg 0x20: [io  0xd000-0xd00f]
[    0.214954] pci 0000:00:01.1: legacy IDE quirk: reg 0x10: [io  0x01f0-0x01f7]
[    0.215435] pci 0000:00:01.1: legacy IDE quirk: reg 0x14: [io  0x03f6]
[    0.215494] pci 0000:00:01.1: legacy IDE quirk: reg 0x18: [io  0x0170-0x0177]
[    0.215980] pci 0000:00:01.1: legacy IDE quirk: reg 0x1c: [io  0x0376]
[    0.216795] pci 0000:00:02.0: [80ee:beef] type 00 class 0x030000
[    0.218983] pci 0000:00:02.0: reg 0x10: [mem 0xe0000000-0xe0ffffff pref]
[    0.228637] pci 0000:00:03.0: [8086:100e] type 00 class 0x020000
[    0.229658] pci 0000:00:03.0: reg 0x10: [mem 0xf0000000-0xf001ffff]
[    0.231616] pci 0000:00:03.0: reg 0x18: [io  0xd010-0xd017]
[    0.238440] pci 0000:00:04.0: [80ee:cafe] type 00 class 0x088000
[    0.239522] pci 0000:00:04.0: reg 0x10: [io  0xd020-0xd03f]
[    0.240568] pci 0000:00:04.0: reg 0x14: [mem 0xf0400000-0xf07fffff]
[    0.241581] pci 0000:00:04.0: reg 0x18: [mem 0xf0800000-0xf0803fff pref]
[    0.245977] pci 0000:00:05.0: [8086:2415] type 00 class 0x040100
[    0.246271] pci 0000:00:05.0: reg 0x10: [io  0xd100-0xd1ff]
[    0.246393] pci 0000:00:05.0: reg 0x14: [io  0xd200-0xd23f]
[    0.247423] pci 0000:00:06.0: [106b:003f] type 00 class 0x0c0310
[    0.248515] pci 0000:00:06.0: reg 0x10: [mem 0xf0804000-0xf0804fff]
[    0.254642] pci 0000:00:07.0: [8086:7113] type 00 class 0x068000
[    0.255346] pci 0000:00:07.0: quirk: [io  0x4000-0x403f] claimed by PIIX4 ACPI
[    0.255501] pci 0000:00:07.0: quirk: [io  0x4100-0x410f] claimed by PIIX4 SMB
[    0.256886] pci 0000:00:0d.0: [8086:2829] type 00 class 0x010601
[    0.258678] pci 0000:00:0d.0: reg 0x10: [io  0xd240-0xd247]
[    0.259462] pci 0000:00:0d.0: reg 0x14: [io  0xd248-0xd24b]
[    0.261668] pci 0000:00:0d.0: reg 0x18: [io  0xd250-0xd257]
[    0.262632] pci 0000:00:0d.0: reg 0x1c: [io  0xd258-0xd25b]
[    0.263642] pci 0000:00:0d.0: reg 0x20: [io  0xd260-0xd26f]
[    0.264644] pci 0000:00:0d.0: reg 0x24: [mem 0xf0806000-0xf0807fff]
[    0.267796] ACPI: PCI Interrupt Link [LNKA] (IRQs 5 9 10 *11)
[    0.268537] ACPI: PCI Interrupt Link [LNKB] (IRQs 5 9 *10 11)
[    0.269298] ACPI: PCI Interrupt Link [LNKC] (IRQs 5 *9 10 11)
[    0.269595] ACPI: PCI Interrupt Link [LNKD] (IRQs 5 9 10 *11)
[    0.270604] pci 0000:00:02.0: vgaarb: setting as boot VGA device
[    0.270865] pci 0000:00:02.0: vgaarb: VGA device added: decodes=io+mem,owns=io+mem,locks=none
[    0.271497] pci 0000:00:02.0: vgaarb: bridge control possible
[    0.271828] vgaarb: loaded
[    0.272244] SCSI subsystem initialized
[    0.273525] libata version 3.00 loaded.
[    0.273561] ACPI: bus type USB registered
[    0.273930] usbcore: registered new interface driver usbfs
[    0.274353] usbcore: registered new interface driver hub
[    0.274534] usbcore: registered new device driver usb
[    0.275010] pps_core: LinuxPPS API ver. 1 registered
[    0.275493] pps_core: Software ver. 5.3.6 - Copyright 2005-2007 Rodolfo Giometti <giometti@linux.it>
[    0.275987] PTP clock support registered
[    0.276597] EDAC MC: Ver: 3.0.0
[    0.277741] Advanced Linux Sound Architecture Driver Initialized.
[    0.278032] PCI: Using ACPI for IRQ routing
[    0.278497] PCI: pci_cache_line_size set to 64 bytes
[    0.279050] e820: reserve RAM buffer [mem 0x0009fc00-0x0009ffff]
[    0.279058] e820: reserve RAM buffer [mem 0x7fff0000-0x7fffffff]
[    0.279171] NetLabel: Initializing
[    0.279494] NetLabel:  domain hash size = 128
[    0.279932] NetLabel:  protocols = UNLABELED CIPSOv4 CALIPSO
[    0.280508] NetLabel:  unlabeled traffic allowed by default
[    0.280923] clocksource: Switched to clocksource tsc-early
[    0.289752] VFS: Disk quotas dquot_6.6.0
[    0.290069] VFS: Dquot-cache hash table entries: 512 (order 0, 4096 bytes)
[    0.290590] pnp: PnP ACPI init
[    0.290965] pnp 00:00: Plug and Play ACPI device, IDs PNP0303 (active)
[    0.291031] pnp 00:01: Plug and Play ACPI device, IDs PNP0f03 (active)
[    0.291826] pnp: PnP ACPI: found 2 devices
[    0.305329] clocksource: acpi_pm: mask: 0xffffff max_cycles: 0xffffff, max_idle_ns: 2085701024 ns
[    0.306172] pci_bus 0000:00: resource 4 [io  0x0000-0x0cf7 window]
[    0.306175] pci_bus 0000:00: resource 5 [io  0x0d00-0xffff window]
[    0.306177] pci_bus 0000:00: resource 6 [mem 0x000a0000-0x000bffff window]
[    0.306179] pci_bus 0000:00: resource 7 [mem 0x80000000-0xfdffffff window]
[    0.306274] NET: Registered protocol family 2
[    0.306719] tcp_listen_portaddr_hash hash table entries: 1024 (order: 2, 16384 bytes)
[    0.307255] TCP established hash table entries: 16384 (order: 5, 131072 bytes)
[    0.307745] TCP bind hash table entries: 16384 (order: 6, 262144 bytes)
[    0.308112] TCP: Hash tables configured (established 16384 bind 16384)
[    0.308842] UDP hash table entries: 1024 (order: 3, 32768 bytes)
[    0.309314] UDP-Lite hash table entries: 1024 (order: 3, 32768 bytes)
[    0.309723] NET: Registered protocol family 1
[    0.310908] RPC: Registered named UNIX socket transport module.
[    0.311347] RPC: Registered udp transport module.
[    0.311684] RPC: Registered tcp transport module.
[    0.311995] RPC: Registered tcp NFSv4.1 backchannel transport module.
[    0.312680] pci 0000:00:00.0: Limiting direct PCI/PCI transfers
[    0.313078] pci 0000:00:01.0: Activating ISA DMA hang workarounds
[    0.313632] pci 0000:00:02.0: Video device with shadowed ROM at [mem 0x000c0000-0x000dffff]
[    0.315143] PCI: CLS 0 bytes, default 64
[    0.315673] RAPL PMU: API unit is 2^-32 Joules, 4 fixed counters, 10737418240 ms ovfl timer
[    0.316897] RAPL PMU: hw unit of domain pp0-core 2^-0 Joules
[    0.317332] RAPL PMU: hw unit of domain package 2^-0 Joules
[    0.317684] RAPL PMU: hw unit of domain dram 2^-0 Joules
[    0.318137] RAPL PMU: hw unit of domain pp1-gpu 2^-0 Joules
[    0.318629] platform rtc_cmos: registered platform RTC device (no PNP device found)
[    0.321515] Scanning for low memory corruption every 60 seconds
[    0.322614] Initialise system trusted keyrings
[    0.323208] workingset: timestamp_bits=56 max_order=19 bucket_order=0
[    0.325370] NFS: Registering the id_resolver key type
[    0.325855] Key type id_resolver registered
[    0.326255] Key type id_legacy registered
[    0.330430] cryptomgr_test (47) used greatest stack depth: 15288 bytes left
[    0.336994] Key type asymmetric registered
[    0.337468] Asymmetric key parser 'x509' registered
[    0.337977] Block layer SCSI generic (bsg) driver version 0.4 loaded (major 251)
[    0.339299] io scheduler noop registered
[    0.339699] io scheduler deadline registered
[    0.340199] io scheduler cfq registered (default)
[    0.340559] io scheduler mq-deadline registered
[    0.340862] io scheduler kyber registered
[    0.341934] ACPI: AC Adapter [AC] (on-line)
[    0.342398] input: Power Button as /devices/LNXSYSTM:00/LNXPWRBN:00/input/input0
[    0.342859] ACPI: Power Button [PWRF]
[    0.343376] input: Sleep Button as /devices/LNXSYSTM:00/LNXSLPBN:00/input/input1
[    0.343826] ACPI: Sleep Button [SLPF]
[    0.344279] ACPI: Video Device [GFX0] (multi-head: yes  rom: no  post: no)
[    0.344781] input: Video Bus as /devices/LNXSYSTM:00/LNXSYBUS:00/PNP0A03:00/LNXVIDEO:00/input/input2
[    0.346126] Serial: 8250/16550 driver, 4 ports, IRQ sharing enabled
[    0.347479] Non-volatile memory driver v1.3
[    0.347924] Linux agpgart interface v0.103
[    0.351560] loop: module loaded
[    0.351965] ahci 0000:00:0d.0: version 3.0
[    0.352784] ahci 0000:00:0d.0: SSS flag set, parallel bus scan disabled
[    0.353411] ahci 0000:00:0d.0: AHCI 0001.0100 32 slots 1 ports 3 Gbps 0x1 impl SATA mode
[    0.353876] ahci 0000:00:0d.0: flags: 64bit ncq stag only ccc 
[    0.355218] scsi host0: ahci
[    0.355689] ata1: SATA max UDMA/133 abar m8192@0xf0806000 port 0xf0806100 irq 21
[    0.356731] ata_piix 0000:00:01.1: version 2.13
[    0.357478] scsi host1: ata_piix
[    0.358721] scsi host2: ata_piix
[    0.359151] ata2: PATA max UDMA/33 cmd 0x1f0 ctl 0x3f6 bmdma 0xd000 irq 14
[    0.359599] ata3: PATA max UDMA/33 cmd 0x170 ctl 0x376 bmdma 0xd008 irq 15
[    0.360385] e100: Intel(R) PRO/100 Network Driver, 3.5.24-k2-NAPI
[    0.360869] e100: Copyright(c) 1999-2006 Intel Corporation
[    0.361341] e1000: Intel(R) PRO/1000 Network Driver - version 7.3.21-k8-NAPI
[    0.361711] e1000: Copyright (c) 1999-2006 Intel Corporation.
[    0.512626] ata3.00: ATAPI: VBOX CD-ROM, 1.0, max UDMA/133
[    0.660798] ata1: SATA link up 3.0 Gbps (SStatus 123 SControl 300)
[    0.661507] ata1.00: ATA-6: VBOX HARDDISK, 1.0, max UDMA/133
[    0.662090] ata1.00: 54005184 sectors, multi 128: LBA48 NCQ (depth 32)
[    0.663044] ata1.00: configured for UDMA/133
[    0.663720] scsi 0:0:0:0: Direct-Access     ATA      VBOX HARDDISK    1.0  PQ: 0 ANSI: 5
[    0.664552] sd 0:0:0:0: Attached scsi generic sg0 type 0
[    0.664624] sd 0:0:0:0: [sda] 54005184 512-byte logical blocks: (27.7 GB/25.8 GiB)
[    0.665876] sd 0:0:0:0: [sda] Write Protect is off
[    0.666347] sd 0:0:0:0: [sda] Mode Sense: 00 3a 00 00
[    0.666572] sd 0:0:0:0: [sda] Write cache: enabled, read cache: enabled, doesn't support DPO or FUA
[    0.667558] scsi 2:0:0:0: CD-ROM            VBOX     CD-ROM           1.0  PQ: 0 ANSI: 5
[    0.720759]  sda: sda1 sda2 sda3 sda4
[    0.721725] sd 0:0:0:0: [sda] Attached SCSI disk
[    0.737521] sr 2:0:0:0: [sr0] scsi3-mmc drive: 32x/32x xa/form2 tray
[    0.739711] cdrom: Uniform CD-ROM driver Revision: 3.20
[    0.741371] sr 2:0:0:0: Attached scsi CD-ROM sr0
[    0.741410] sr 2:0:0:0: Attached scsi generic sg1 type 5
[    0.770309] e1000 0000:00:03.0 eth0: (PCI:33MHz:32-bit) 08:00:27:5a:2f:de
[    0.770788] e1000 0000:00:03.0 eth0: Intel(R) PRO/1000 Network Connection
[    0.771581] e1000e: Intel(R) PRO/1000 Network Driver - 3.2.6-k
[    0.773287] e1000e: Copyright(c) 1999 - 2015 Intel Corporation.
[    0.773739] sky2: driver version 1.30
[    0.774447] ehci_hcd: USB 2.0 'Enhanced' Host Controller (EHCI) Driver
[    0.774862] ehci-pci: EHCI PCI platform driver
[    0.775266] ohci_hcd: USB 1.1 'Open' Host Controller (OHCI) Driver
[    0.775628] ohci-pci: OHCI PCI platform driver
[    0.776615] ohci-pci 0000:00:06.0: OHCI PCI host controller
[    0.777278] ohci-pci 0000:00:06.0: new USB bus registered, assigned bus number 1
[    0.778767] ohci-pci 0000:00:06.0: irq 22, io mem 0xf0804000
[    0.830456] usb usb1: New USB device found, idVendor=1d6b, idProduct=0001, bcdDevice= 4.19
[    0.831049] usb usb1: New USB device strings: Mfr=3, Product=2, SerialNumber=1
[    0.831580] usb usb1: Product: OHCI PCI host controller
[    0.832000] usb usb1: Manufacturer: Linux 4.19.0-rc6-00029-g1d2ba7f ohci_hcd
[    0.832394] usb usb1: SerialNumber: 0000:00:06.0
[    0.833101] hub 1-0:1.0: USB hub found
[    0.833550] hub 1-0:1.0: 12 ports detected
[    0.834410] uhci_hcd: USB Universal Host Controller Interface driver
[    0.834939] usbcore: registered new interface driver usblp
[    0.835293] usbcore: registered new interface driver usb-storage
[    0.835751] i8042: PNP: PS/2 Controller [PNP0303:PS2K,PNP0f03:PS2M] at 0x60,0x64 irq 1,12
[    0.837370] serio: i8042 KBD port at 0x60,0x64 irq 1
[    0.840093] serio: i8042 AUX port at 0x60,0x64 irq 12
[    0.842295] rtc_cmos rtc_cmos: registered as rtc0
[    0.842691] input: AT Translated Set 2 keyboard as /devices/platform/i8042/serio0/input/input3
[    0.843365] rtc_cmos rtc_cmos: alarms up to one day, 114 bytes nvram
[    0.844304] device-mapper: ioctl: 4.39.0-ioctl (2018-04-03) initialised: dm-devel@redhat.com
[    0.844906] hidraw: raw HID events driver (C) Jiri Kosina
[    0.845567] usbcore: registered new interface driver usbhid
[    0.846018] usbhid: USB HID core driver
[    0.848052] Initializing XFRM netlink socket
[    0.848614] NET: Registered protocol family 10
[    0.849556] Segment Routing with IPv6
[    0.850846] sit: IPv6, IPv4 and MPLS over IPv4 tunneling driver
[    0.851643] NET: Registered protocol family 17
[    0.852150] Key type dns_resolver registered
[    0.853164] sched_clock: Marking stable (809301915, 43779007)->(959267387, -106186465)
[    0.855945] registered taskstats version 1
[    0.857360] Loading compiled-in X.509 certificates
[    0.858498]   Magic number: 6:335:676
[    0.859066]   hash matches drivers/base/power/main.c:1345
[    0.859494] console [netcon0] enabled
[    0.859867] netconsole: network logging started
[    0.860241] cfg80211: Loading compiled-in X.509 certificates for regulatory database
[    0.860918] kworker/u8:2 (90) used greatest stack depth: 14144 bytes left
[    0.862336] cfg80211: Loaded X.509 cert 'sforshee: 00b28ddf47aef9cea7'
[    0.862818] platform regulatory.0: Direct firmware load for regulatory.db failed with error -2
[    0.863330] cfg80211: failed to load regulatory.db
[    0.863387] ALSA device list:
[    0.864105]   No soundcards found.
[    1.061982] random: fast init done
[    1.063103] input: ImExPS/2 Generic Explorer Mouse as /devices/platform/i8042/serio1/input/input5
[    1.064019] md: Waiting for all devices to be available before autodetect
[    1.064480] md: If you don't use raid, use raid=noautodetect
[    1.065185] md: Autodetecting RAID arrays.
[    1.066159] md: autorun ...
[    1.066503] md: ... autorun DONE.
[    1.090392] EXT4-fs (sda2): mounted filesystem with ordered data mode. Opts: (null)
[    1.091012] VFS: Mounted root (ext4 filesystem) readonly on device 8:2.
[    1.115343] devtmpfs: mounted
[    1.116419] Freeing unused kernel image memory: 1240K
[    1.119230] Write protecting the kernel read-only data: 18432k
[    1.120901] Freeing unused kernel image memory: 2004K
[    1.121737] Freeing unused kernel image memory: 1072K
[    1.122336] Run /sbin/init as init process
[    1.219843] usb 1-1: new full-speed USB device number 2 using ohci-pci
[    1.343690] tsc: Refined TSC clocksource calibration: 2793.534 MHz
[    1.344257] clocksource: tsc: mask: 0xffffffffffffffff max_cycles: 0x28446481b12, max_idle_ns: 440795279392 ns
[    1.349892] clocksource: Switched to clocksource tsc
[    1.430721] hrtimer: interrupt took 4421828 ns
[    1.522466] usb 1-1: New USB device found, idVendor=80ee, idProduct=0021, bcdDevice= 1.00
[    1.523491] usb 1-1: New USB device strings: Mfr=1, Product=3, SerialNumber=0
[    1.524010] usb 1-1: Product: USB Tablet
[    1.524468] usb 1-1: Manufacturer: VirtualBox
[    1.536553] input: VirtualBox USB Tablet as /devices/pci0000:00/0000:00:06.0/usb1/1-1/1-1:1.0/0003:80EE:0021.0001/input/input6
[    1.537439] hid-generic 0003:80EE:0021.0001: input,hidraw0: USB HID v1.10 Mouse [VirtualBox USB Tablet] on usb-0000:00:06.0-1/input0
[    1.882571] random: crng init done
[    2.014003] systemd[1]: systemd 237 running in system mode. (-PAM -AUDIT -SELINUX +IMA -APPARMOR +SMACK +SYSVINIT +UTMP -LIBCRYPTSETUP -GCRYPT -GNUTLS +ACL +XZ -LZ4 -SECCOMP +BLKID -ELFUTILS +KMOD -IDN2 -IDN -PCRE2 default-hierarchy=hybrid)
[    2.014633] systemd[1]: Detected virtualization oracle.
[    2.015031] systemd[1]: Detected architecture x86-64.
[    2.075613] systemd[1]: Set hostname to <wkhosa>.
[    2.220745] systemd-debug-g (100) used greatest stack depth: 13904 bytes left
[    2.396082] systemd-sysv-ge (107) used greatest stack depth: 13808 bytes left
[    2.447068] systemd-fstab-g (101) used greatest stack depth: 13720 bytes left
[    2.639052] systemd[1]: File /lib/systemd/system/systemd-journald.service:35 configures an IP firewall (IPAddressDeny=any), but the local system does not support BPF/cgroup based firewalling.
[    2.639682] systemd[1]: Proceeding WITHOUT firewalling in effect! (This warning is only shown for the first loaded unit using IP firewalling.)
[    3.041280] systemd[1]: Created slice User and Session Slice.
[    3.043954] systemd[1]: Created slice System Slice.
[    3.046284] systemd[1]: Created slice system-systemd\x2dfsck.slice.
[    3.047975] systemd[1]: Reached target Slices.
[    3.436182] mount (108) used greatest stack depth: 13520 bytes left
[    3.982666] EXT4-fs (sda2): re-mounted. Opts: (null)
[    4.172398] systemd-journald[110]: Received request to flush runtime journal from PID 1
[    5.755648] journal-offline (150) used greatest stack depth: 12440 bytes left
[    6.198157] Adding 2097148k swap on /dev/sda4.  Priority:1 extents:1 across:2097148k 
[    6.242593] EXT4-fs (sda1): mounting ext2 file system using the ext4 subsystem
[    6.289347] EXT4-fs (sda1): mounted filesystem without journal. Opts: (null)
[    6.416453] EXT4-fs (sda3): mounted filesystem with ordered data mode. Opts: (null)
