[    0.000000] Linux version 4.15.3-thor_kernel (root@wkhosa) (gcc version 7.3.0 (GCC)) #1 SMP Fri Oct 5 19:52:31 SAST 2018
[    0.000000] Command line: BOOT_IMAGE=/vmlinuz-4.15.3-wkhosa root=/dev/sda2 ro net.ifnames=0
[    0.000000] x86/fpu: Supporting XSAVE feature 0x001: 'x87 floating point registers'
[    0.000000] x86/fpu: Supporting XSAVE feature 0x002: 'SSE registers'
[    0.000000] x86/fpu: Supporting XSAVE feature 0x004: 'AVX registers'
[    0.000000] x86/fpu: xstate_offset[2]:  576, xstate_sizes[2]:  256
[    0.000000] x86/fpu: Enabled xstate features 0x7, context size is 832 bytes, using 'standard' format.
[    0.000000] e820: BIOS-provided physical RAM map:
[    0.000000] BIOS-e820: [mem 0x0000000000000000-0x000000000009fbff] usable
[    0.000000] BIOS-e820: [mem 0x000000000009fc00-0x000000000009ffff] reserved
[    0.000000] BIOS-e820: [mem 0x00000000000f0000-0x00000000000fffff] reserved
[    0.000000] BIOS-e820: [mem 0x0000000000100000-0x000000003ffeffff] usable
[    0.000000] BIOS-e820: [mem 0x000000003fff0000-0x000000003fffffff] ACPI data
[    0.000000] BIOS-e820: [mem 0x00000000fec00000-0x00000000fec00fff] reserved
[    0.000000] BIOS-e820: [mem 0x00000000fee00000-0x00000000fee00fff] reserved
[    0.000000] BIOS-e820: [mem 0x00000000fffc0000-0x00000000ffffffff] reserved
[    0.000000] NX (Execute Disable) protection: active
[    0.000000] random: fast init done
[    0.000000] SMBIOS 2.5 present.
[    0.000000] DMI: innotek GmbH VirtualBox/VirtualBox, BIOS VirtualBox 12/01/2006
[    0.000000] e820: update [mem 0x00000000-0x00000fff] usable ==> reserved
[    0.000000] e820: remove [mem 0x000a0000-0x000fffff] usable
[    0.000000] e820: last_pfn = 0x3fff0 max_arch_pfn = 0x400000000
[    0.000000] MTRR default type: uncachable
[    0.000000] MTRR variable ranges disabled:
[    0.000000] MTRR: Disabled
[    0.000000] x86/PAT: MTRRs disabled, skipping PAT initialization too.
[    0.000000] CPU MTRRs all blank - virtualized system.
[    0.000000] x86/PAT: Configuration [0-7]: WB  WT  UC- UC  WB  WT  UC- UC  
[    0.000000] found SMP MP-table at [mem 0x0009fff0-0x0009ffff] mapped at [        (ptrval)]
[    0.000000] Scanning 1 areas for low memory corruption
[    0.000000] Base memory trampoline at [        (ptrval)] 99000 size 24576
[    0.000000] BRK [0x24318000, 0x24318fff] PGTABLE
[    0.000000] BRK [0x24319000, 0x24319fff] PGTABLE
[    0.000000] BRK [0x2431a000, 0x2431afff] PGTABLE
[    0.000000] BRK [0x2431b000, 0x2431bfff] PGTABLE
[    0.000000] BRK [0x2431c000, 0x2431cfff] PGTABLE
[    0.000000] ACPI: Early table checksum verification disabled
[    0.000000] ACPI: RSDP 0x00000000000E0000 000024 (v02 VBOX  )
[    0.000000] ACPI: XSDT 0x000000003FFF0040 00004C (v01 VBOX   VBOXXSDT 00000001 ASL  00000061)
[    0.000000] ACPI: FACP 0x000000003FFF0110 0000F4 (v04 VBOX   VBOXFACP 00000001 ASL  00000061)
[    0.000000] ACPI: DSDT 0x000000003FFF0530 0021FF (v02 VBOX   VBOXBIOS 00000002 INTL 20180105)
[    0.000000] ACPI: FACS 0x000000003FFF0240 000040
[    0.000000] ACPI: FACS 0x000000003FFF0240 000040
[    0.000000] ACPI: APIC 0x000000003FFF0280 00005C (v02 VBOX   VBOXAPIC 00000001 ASL  00000061)
[    0.000000] ACPI: HPET 0x000000003FFF02E0 000038 (v01 VBOX   VBOXHPET 00000001 ASL  00000061)
[    0.000000] ACPI: MCFG 0x000000003FFF0320 00003C (v01 VBOX   VBOXMCFG 00000001 ASL  00000061)
[    0.000000] ACPI: SSDT 0x000000003FFF0360 0001CC (v01 VBOX   VBOXCPUT 00000002 INTL 20180105)
[    0.000000] ACPI: Local APIC address 0xfee00000
[    0.000000] No NUMA configuration found
[    0.000000] Faking a node at [mem 0x0000000000000000-0x000000003ffeffff]
[    0.000000] NODE_DATA(0) allocated [mem 0x3ffec000-0x3ffeffff]
[    0.000000] tsc: Fast TSC calibration using PIT
[    0.000000] Zone ranges:
[    0.000000]   DMA      [mem 0x0000000000001000-0x0000000000ffffff]
[    0.000000]   DMA32    [mem 0x0000000001000000-0x000000003ffeffff]
[    0.000000]   Normal   empty
[    0.000000] Movable zone start for each node
[    0.000000] Early memory node ranges
[    0.000000]   node   0: [mem 0x0000000000001000-0x000000000009efff]
[    0.000000]   node   0: [mem 0x0000000000100000-0x000000003ffeffff]
[    0.000000] Initmem setup node 0 [mem 0x0000000000001000-0x000000003ffeffff]
[    0.000000] On node 0 totalpages: 262030
[    0.000000]   DMA zone: 64 pages used for memmap
[    0.000000]   DMA zone: 21 pages reserved
[    0.000000]   DMA zone: 3998 pages, LIFO batch:0
[    0.000000]   DMA32 zone: 4032 pages used for memmap
[    0.000000]   DMA32 zone: 258032 pages, LIFO batch:31
[    0.000000] Reserved but unavailable: 98 pages
[    0.000000] ACPI: PM-Timer IO Port: 0x4008
[    0.000000] ACPI: Local APIC address 0xfee00000
[    0.000000] IOAPIC[0]: apic_id 2, version 32, address 0xfec00000, GSI 0-23
[    0.000000] ACPI: INT_SRC_OVR (bus 0 bus_irq 0 global_irq 2 dfl dfl)
[    0.000000] ACPI: INT_SRC_OVR (bus 0 bus_irq 9 global_irq 9 low level)
[    0.000000] ACPI: IRQ0 used by override.
[    0.000000] ACPI: IRQ9 used by override.
[    0.000000] Using ACPI (MADT) for SMP configuration information
[    0.000000] ACPI: HPET id: 0x8086a201 base: 0xfed00000
[    0.000000] smpboot: Allowing 2 CPUs, 0 hotplug CPUs
[    0.000000] PM: Registered nosave memory: [mem 0x00000000-0x00000fff]
[    0.000000] PM: Registered nosave memory: [mem 0x0009f000-0x0009ffff]
[    0.000000] PM: Registered nosave memory: [mem 0x000a0000-0x000effff]
[    0.000000] PM: Registered nosave memory: [mem 0x000f0000-0x000fffff]
[    0.000000] e820: [mem 0x40000000-0xfebfffff] available for PCI devices
[    0.000000] clocksource: refined-jiffies: mask: 0xffffffff max_cycles: 0xffffffff, max_idle_ns: 1910969940391419 ns
[    0.000000] setup_percpu: NR_CPUS:64 nr_cpumask_bits:64 nr_cpu_ids:2 nr_node_ids:1
[    0.000000] percpu: Embedded 43 pages/cpu @        (ptrval) s137432 r8192 d30504 u1048576
[    0.000000] pcpu-alloc: s137432 r8192 d30504 u1048576 alloc=1*2097152
[    0.000000] pcpu-alloc: [0] 0 1 
[    0.000000] Built 1 zonelists, mobility grouping on.  Total pages: 257913
[    0.000000] Policy zone: DMA32
[    0.000000] Kernel command line: BOOT_IMAGE=/vmlinuz-4.15.3-wkhosa root=/dev/sda2 ro net.ifnames=0
[    0.000000] Calgary: detecting Calgary via BIOS EBDA area
[    0.000000] Calgary: Unable to locate Rio Grande table in EBDA - bailing!
[    0.000000] Memory: 1005492K/1048120K available (12300K kernel code, 1275K rwdata, 3016K rodata, 1216K init, 660K bss, 42628K reserved, 0K cma-reserved)
[    0.000000] SLUB: HWalign=64, Order=0-3, MinObjects=0, CPUs=2, Nodes=1
[    0.000000] Kernel/User page tables isolation: enabled
[    0.000000] Hierarchical RCU implementation.
[    0.000000] 	RCU event tracing is enabled.
[    0.000000] 	RCU restricting CPUs from NR_CPUS=64 to nr_cpu_ids=2.
[    0.000000] RCU: Adjusting geometry for rcu_fanout_leaf=16, nr_cpu_ids=2
[    0.000000] NR_IRQS: 4352, nr_irqs: 440, preallocated irqs: 16
[    0.000000] Console: colour VGA+ 80x25
[    0.000000] console [tty0] enabled
[    0.000000] ACPI: Core revision 20170831
[    0.000000] ACPI: 2 ACPI AML tables successfully acquired and loaded
[    0.000000] clocksource: hpet: mask: 0xffffffff max_cycles: 0xffffffff, max_idle_ns: 133484882848 ns
[    0.000000] hpet clockevent registered
[    0.001000] APIC: Switch to symmetric I/O mode setup
[    0.002000] ..TIMER: vector=0x30 apic1=0 pin1=2 apic2=-1 pin2=-1
[    0.008000] tsc: Fast TSC calibration using PIT
[    0.009000] tsc: Detected 2594.039 MHz processor
[    0.009000] Calibrating delay loop (skipped), value calculated using timer frequency.. 5188.07 BogoMIPS (lpj=2594039)
[    0.009000] pid_max: default: 32768 minimum: 301
[    0.010020] Security Framework initialized
[    0.011006] SELinux:  Initializing.
[    0.011261] SELinux:  Starting in permissive mode
[    0.011386] Dentry cache hash table entries: 131072 (order: 8, 1048576 bytes)
[    0.011956] Inode-cache hash table entries: 65536 (order: 7, 524288 bytes)
[    0.012352] Mount-cache hash table entries: 2048 (order: 2, 16384 bytes)
[    0.012679] Mountpoint-cache hash table entries: 2048 (order: 2, 16384 bytes)
[    0.013174] CPU: Physical Processor ID: 0
[    0.013453] CPU: Processor Core ID: 0
[    0.013815] mce: CPU supports 0 MCE banks
[    0.014020] Last level iTLB entries: 4KB 512, 2MB 8, 4MB 8
[    0.014337] Last level dTLB entries: 4KB 512, 2MB 32, 4MB 32, 1GB 0
[    0.014670] Spectre V2 : Mitigation: Full generic retpoline
[    0.015111] Freeing SMP alternatives memory: 36K
[    0.016000] smpboot: CPU0: Intel(R) Core(TM) i5-3320M CPU @ 2.60GHz (family: 0x6, model: 0x3a, stepping: 0x9)
[    0.016000] Performance Events: unsupported p6 CPU model 58 no PMU driver, software events only.
[    0.016064] Hierarchical SRCU implementation.
[    0.016468] smp: Bringing up secondary CPUs ...
[    0.017127] x86: Booting SMP configuration:
[    0.017376] .... node  #0, CPUs:      #1
[    0.001000] mce: CPU supports 0 MCE banks
[    0.019009] smp: Brought up 1 node, 2 CPUs
[    0.020014] smpboot: Max logical packages: 1
[    0.020264] smpboot: Total of 2 processors activated (10376.15 BogoMIPS)
[    0.021108] devtmpfs: initialized
[    0.022015] clocksource: jiffies: mask: 0xffffffff max_cycles: 0xffffffff, max_idle_ns: 1911260446275000 ns
[    0.022099] kworker/u4:0 (20) used greatest stack depth: 14944 bytes left
[    0.022335] futex hash table entries: 512 (order: 3, 32768 bytes)
[    0.023027] RTC time: 18:27:11, date: 10/05/18
[    0.024263] NET: Registered protocol family 16
[    0.024263] audit: initializing netlink subsys (disabled)
[    0.026066] cpuidle: using governor menu
[    0.026175] kworker/u4:1 (27) used greatest stack depth: 14792 bytes left
[    0.026306] audit: type=2000 audit(1538764030.025:1): state=initialized audit_enabled=0 res=1
[    0.027060] ACPI: bus type PCI registered
[    0.028082] PCI: MMCONFIG for domain 0000 [bus 00-3f] at [mem 0xdc000000-0xdfffffff] (base 0xdc000000)
[    0.028137] PCI: not using MMCONFIG
[    0.028236] PCI: Using configuration type 1 for base access
[    0.033857] kworker/u4:2 (88) used greatest stack depth: 14328 bytes left
[    0.044002] HugeTLB registered 2.00 MiB page size, pre-allocated 0 pages
[    0.044043] ACPI: Added _OSI(Module Device)
[    0.045045] ACPI: Added _OSI(Processor Device)
[    0.045318] ACPI: Added _OSI(3.0 _SCP Extensions)
[    0.045622] ACPI: Added _OSI(Processor Aggregator Device)
[    0.045622] ACPI: Executed 1 blocks of module-level executable AML code
[    0.047690] ACPI: Interpreter enabled
[    0.047893] ACPI: (supports S0 S5)
[    0.048023] ACPI: Using IOAPIC for interrupt routing
[    0.049021] PCI: MMCONFIG for domain 0000 [bus 00-3f] at [mem 0xdc000000-0xdfffffff] (base 0xdc000000)
[    0.049412] PCI: MMCONFIG at [mem 0xdc000000-0xdfffffff] reserved in ACPI motherboard resources
[    0.049844] PCI: Using host bridge windows from ACPI; if necessary, use "pci=nocrs" and report a bug
[    0.051136] ACPI: Enabled 2 GPEs in block 00 to 07
[    0.056081] ACPI: PCI Root Bridge [PCI0] (domain 0000 [bus 00-ff])
[    0.056081] acpi PNP0A03:00: _OSC: OS supports [ExtendedConfig ASPM ClockPM Segments MSI]
[    0.057201] acpi PNP0A03:00: _OSC: OS now controls [PCIeHotplug PME AER PCIeCapability]
[    0.057201] acpi PNP0A03:00: [Firmware Info]: MMCONFIG for domain 0000 [bus 00-3f] only partially covers this bridge
[    0.058005] PCI host bridge to bus 0000:00
[    0.059011] pci_bus 0000:00: root bus resource [io  0x0000-0x0cf7 window]
[    0.059272] pci_bus 0000:00: root bus resource [io  0x0d00-0xffff window]
[    0.059272] pci_bus 0000:00: root bus resource [mem 0x000a0000-0x000bffff window]
[    0.060080] pci_bus 0000:00: root bus resource [mem 0x40000000-0xfdffffff window]
[    0.060233] pci_bus 0000:00: root bus resource [mem 0x100000000-0xfffffffff pref window]
[    0.060667] pci_bus 0000:00: root bus resource [bus 00-ff]
[    0.061016] pci 0000:00:02.0: [80ee:beef] type 00 class 0x030000
[    0.063285] pci 0000:00:02.0: reg 0x10: [mem 0xe0000000-0xe0ffffff pref]
[    0.070006] pci 0000:00:03.0: [8086:100e] type 00 class 0x020000
[    0.071043] pci 0000:00:03.0: reg 0x10: [mem 0xe1000000-0xe101ffff]
[    0.072728] pci 0000:00:03.0: reg 0x18: [io  0xd000-0xd007]
[    0.077006] pci 0000:00:04.0: [80ee:cafe] type 00 class 0x088000
[    0.078318] pci 0000:00:04.0: reg 0x10: [io  0xd020-0xd03f]
[    0.079228] pci 0000:00:04.0: reg 0x14: [mem 0xe1400000-0xe17fffff]
[    0.080525] pci 0000:00:04.0: reg 0x18: [mem 0xe1800000-0xe1803fff pref]
[    0.085060] pci 0000:00:05.0: [8086:2415] type 00 class 0x040100
[    0.085293] pci 0000:00:05.0: reg 0x10: [io  0xd100-0xd1ff]
[    0.085432] pci 0000:00:05.0: reg 0x14: [io  0xd200-0xd23f]
[    0.086325] pci 0000:00:07.0: [8086:7113] type 00 class 0x068000
[    0.086816] pci 0000:00:07.0: quirk: [io  0x4000-0x403f] claimed by PIIX4 ACPI
[    0.088096] pci 0000:00:07.0: quirk: [io  0x4100-0x410f] claimed by PIIX4 SMB
[    0.089577] pci 0000:00:1f.0: [8086:27b9] type 00 class 0x060100
[    0.089577] pci 0000:00:1f.0: quirk: [io  0x8000-0x807f] claimed by ICH6 ACPI/GPIO/TCO
[    0.091023] pci 0000:00:1f.1: [8086:7111] type 00 class 0x01018a
[    0.091109] pci 0000:00:1f.1: reg 0x20: [io  0xd240-0xd24f]
[    0.091403] pci 0000:00:1f.1: legacy IDE quirk: reg 0x10: [io  0x01f0-0x01f7]
[    0.093007] pci 0000:00:1f.1: legacy IDE quirk: reg 0x14: [io  0x03f6]
[    0.093283] pci 0000:00:1f.1: legacy IDE quirk: reg 0x18: [io  0x0170-0x0177]
[    0.093620] pci 0000:00:1f.1: legacy IDE quirk: reg 0x1c: [io  0x0376]
[    0.094166] pci 0000:00:1f.2: [8086:2829] type 00 class 0x010601
[    0.095039] pci 0000:00:1f.2: reg 0x10: [io  0xd250-0xd257]
[    0.096038] pci 0000:00:1f.2: reg 0x14: [io  0xd258-0xd25b]
[    0.097033] pci 0000:00:1f.2: reg 0x18: [io  0xd260-0xd267]
[    0.097971] pci 0000:00:1f.2: reg 0x1c: [io  0xd268-0xd26b]
[    0.099142] pci 0000:00:1f.2: reg 0x20: [io  0xd270-0xd27f]
[    0.100243] pci 0000:00:1f.2: reg 0x24: [mem 0xe1804000-0xe1805fff]
[    0.102005] pci 0000:00:1f.4: [106b:003f] type 00 class 0x0c0310
[    0.103622] pci 0000:00:1f.4: reg 0x10: [mem 0xe1806000-0xe1806fff]
[    0.110132] ACPI: PCI Interrupt Link [LNKA] (IRQs 5 9 10 *11), disabled.
[    0.111248] ACPI: PCI Interrupt Link [LNKB] (IRQs 5 *9 10 11), disabled.
[    0.111248] ACPI: PCI Interrupt Link [LNKC] (IRQs 5 9 10 *11), disabled.
[    0.111639] ACPI: PCI Interrupt Link [LNKD] (IRQs 5 9 10 *11), disabled.
[    0.113134] pci 0000:00:02.0: vgaarb: setting as boot VGA device
[    0.113276] pci 0000:00:02.0: vgaarb: VGA device added: decodes=io+mem,owns=io+mem,locks=none
[    0.113323] pci 0000:00:02.0: vgaarb: bridge control possible
[    0.113404] vgaarb: loaded
[    0.114031] SCSI subsystem initialized
[    0.115065] libata version 3.00 loaded.
[    0.115114] ACPI: bus type USB registered
[    0.115209] usbcore: registered new interface driver usbfs
[    0.116079] usbcore: registered new interface driver hub
[    0.117090] usbcore: registered new device driver usb
[    0.117537] pps_core: LinuxPPS API ver. 1 registered
[    0.117537] pps_core: Software ver. 5.3.6 - Copyright 2005-2007 Rodolfo Giometti <giometti@linux.it>
[    0.118042] PTP clock support registered
[    0.118133] EDAC MC: Ver: 3.0.0
[    0.120024] Advanced Linux Sound Architecture Driver Initialized.
[    0.120125] PCI: Using ACPI for IRQ routing
[    0.123033] PCI: pci_cache_line_size set to 64 bytes
[    0.123401] e820: reserve RAM buffer [mem 0x0009fc00-0x0009ffff]
[    0.123401] e820: reserve RAM buffer [mem 0x3fff0000-0x3fffffff]
[    0.125040] NetLabel: Initializing
[    0.125068] NetLabel:  domain hash size = 128
[    0.125068] NetLabel:  protocols = UNLABELED CIPSOv4 CALIPSO
[    0.125248] NetLabel:  unlabeled traffic allowed by default
[    0.126005] HPET: 4 timers in total, 0 timers will be used for per-cpu timer
[    0.126079] hpet0: at MMIO 0xfed00000, IRQs 2, 8, 0, 0
[    0.126868] hpet0: 4 comparators, 64-bit 14.318180 MHz counter
[    0.131076] clocksource: Switched to clocksource hpet
[    0.140537] VFS: Disk quotas dquot_6.6.0
[    0.140817] VFS: Dquot-cache hash table entries: 512 (order 0, 4096 bytes)
[    0.141221] pnp: PnP ACPI init
[    0.141563] pnp 00:00: Plug and Play ACPI device, IDs PNP0303 (active)
[    0.141676] pnp 00:01: Plug and Play ACPI device, IDs PNP0f03 (active)
[    0.141757] pnp 00:02: Plug and Play ACPI device, IDs PNP0b00 (active)
[    0.141858] system 00:03: [mem 0xfed00000-0xfed003ff] has been reserved
[    0.142642] system 00:03: Plug and Play ACPI device, IDs PNP0103 PNP0c01 (active)
[    0.142825] system 00:04: [mem 0xdc000000-0xdfffffff] has been reserved
[    0.143124] system 00:04: Plug and Play ACPI device, IDs PNP0c02 (active)
[    0.143343] pnp 00:05: Plug and Play ACPI device, IDs PNP0501 (active)
[    0.143603] pnp: PnP ACPI: found 6 devices
[    0.150789] clocksource: acpi_pm: mask: 0xffffff max_cycles: 0xffffff, max_idle_ns: 2085701024 ns
[    0.151640] pci_bus 0000:00: resource 4 [io  0x0000-0x0cf7 window]
[    0.151644] pci_bus 0000:00: resource 5 [io  0x0d00-0xffff window]
[    0.151647] pci_bus 0000:00: resource 6 [mem 0x000a0000-0x000bffff window]
[    0.151651] pci_bus 0000:00: resource 7 [mem 0x40000000-0xfdffffff window]
[    0.151654] pci_bus 0000:00: resource 8 [mem 0x100000000-0xfffffffff pref window]
[    0.151699] NET: Registered protocol family 2
[    0.152134] TCP established hash table entries: 8192 (order: 4, 65536 bytes)
[    0.152469] TCP bind hash table entries: 8192 (order: 5, 131072 bytes)
[    0.152592] TCP: Hash tables configured (established 8192 bind 8192)
[    0.152923] UDP hash table entries: 512 (order: 2, 16384 bytes)
[    0.153600] UDP-Lite hash table entries: 512 (order: 2, 16384 bytes)
[    0.153952] NET: Registered protocol family 1
[    0.154325] RPC: Registered named UNIX socket transport module.
[    0.154577] RPC: Registered udp transport module.
[    0.154835] RPC: Registered tcp transport module.
[    0.155145] RPC: Registered tcp NFSv4.1 backchannel transport module.
[    0.155697] pci 0000:00:02.0: Video device with shadowed ROM at [mem 0x000c0000-0x000dffff]
[    0.157681] PCI: CLS 0 bytes, default 64
[    0.158106] RAPL PMU: API unit is 2^-32 Joules, 3 fixed counters, 10737418240 ms ovfl timer
[    0.158881] RAPL PMU: hw unit of domain pp0-core 2^-0 Joules
[    0.159163] RAPL PMU: hw unit of domain package 2^-0 Joules
[    0.159555] RAPL PMU: hw unit of domain pp1-gpu 2^-0 Joules
[    0.160828] Scanning for low memory corruption every 60 seconds
[    0.161559] Initialise system trusted keyrings
[    0.162069] workingset: timestamp_bits=56 max_order=18 bucket_order=0
[    0.164709] NFS: Registering the id_resolver key type
[    0.165656] Key type id_resolver registered
[    0.165981] Key type id_legacy registered
[    0.166493] SELinux:  Registering netfilter hooks
[    0.176129] Key type asymmetric registered
[    0.176403] Asymmetric key parser 'x509' registered
[    0.176632] Block layer SCSI generic (bsg) driver version 0.4 loaded (major 250)
[    0.177087] io scheduler noop registered
[    0.177345] io scheduler deadline registered
[    0.177631] io scheduler cfq registered (default)
[    0.177914] io scheduler mq-deadline registered
[    0.178086] io scheduler kyber registered
[    0.178834] ACPI: AC Adapter [AC] (on-line)
[    0.179272] input: Power Button as /devices/LNXSYSTM:00/LNXPWRBN:00/input/input0
[    0.179608] ACPI: Power Button [PWRF]
[    0.179947] input: Sleep Button as /devices/LNXSYSTM:00/LNXSLPBN:00/input/input1
[    0.180433] ACPI: Sleep Button [SLPF]
[    0.180682] ACPI: Video Device [GFX0] (multi-head: yes  rom: no  post: no)
[    0.181122] input: Video Bus as /devices/LNXSYSTM:00/LNXSYBUS:00/PNP0A03:00/LNXVIDEO:00/input/input2
[    0.181929] Serial: 8250/16550 driver, 4 ports, IRQ sharing enabled
[    0.182454] ACPI: Battery Slot [BAT0] (battery present)
[    0.204597] 00:05: ttyS0 at I/O 0x3f8 (irq = 4, base_baud = 115200) is a 16550A
[    0.207085] Non-volatile memory driver v1.3
[    0.207736] Linux agpgart interface v0.103
[    0.212969] loop: module loaded
[    0.213675] ahci 0000:00:1f.2: version 3.0
[    0.214483] ahci 0000:00:1f.2: SSS flag set, parallel bus scan disabled
[    0.215142] ahci 0000:00:1f.2: AHCI 0001.0100 32 slots 1 ports 3 Gbps 0x1 impl SATA mode
[    0.215764] ahci 0000:00:1f.2: flags: 64bit ncq stag only ccc 
[    0.216944] scsi host0: ahci
[    0.217492] ata1: SATA max UDMA/133 abar m8192@0xe1804000 port 0xe1804100 irq 24
[    0.218359] ata_piix 0000:00:1f.1: version 2.13
[    0.219535] scsi host1: ata_piix
[    0.220535] scsi host2: ata_piix
[    0.220949] ata2: PATA max UDMA/33 cmd 0x1f0 ctl 0x3f6 bmdma 0xd240 irq 14
[    0.221515] ata3: PATA max UDMA/33 cmd 0x170 ctl 0x376 bmdma 0xd248 irq 15
[    0.222182] e100: Intel(R) PRO/100 Network Driver, 3.5.24-k2-NAPI
[    0.222683] e100: Copyright(c) 1999-2006 Intel Corporation
[    0.223232] e1000: Intel(R) PRO/1000 Network Driver - version 7.3.21-k8-NAPI
[    0.223864] e1000: Copyright (c) 1999-2006 Intel Corporation.
[    0.384543] ata3.00: ATAPI: VBOX CD-ROM, 1.0, max UDMA/133
[    0.385275] ata3.00: configured for UDMA/33
[    0.527792] ata1: SATA link up 3.0 Gbps (SStatus 123 SControl 300)
[    0.528421] ata1.00: ATA-6: VBOX HARDDISK, 1.0, max UDMA/133
[    0.528790] ata1.00: 54005184 sectors, multi 128: LBA48 NCQ (depth 31/32)
[    0.529514] ata1.00: configured for UDMA/133
[    0.530256] scsi 0:0:0:0: Direct-Access     ATA      VBOX HARDDISK    1.0  PQ: 0 ANSI: 5
[    0.530981] sd 0:0:0:0: Attached scsi generic sg0 type 0
[    0.531944] scsi 2:0:0:0: CD-ROM            VBOX     CD-ROM           1.0  PQ: 0 ANSI: 5
[    0.532750] sd 0:0:0:0: [sda] 54005184 512-byte logical blocks: (27.7 GB/25.8 GiB)
[    0.533586] sd 0:0:0:0: [sda] Write Protect is off
[    0.533911] sd 0:0:0:0: [sda] Mode Sense: 00 3a 00 00
[    0.533936] sd 0:0:0:0: [sda] Write cache: enabled, read cache: enabled, doesn't support DPO or FUA
[    0.544615] sr 2:0:0:0: [sr0] scsi3-mmc drive: 32x/32x xa/form2 tray
[    0.545008] cdrom: Uniform CD-ROM driver Revision: 3.20
[    0.545564] sr 2:0:0:0: Attached scsi CD-ROM sr0
[    0.545832] sr 2:0:0:0: Attached scsi generic sg1 type 5
[    0.551405]  sda: sda1 sda2 sda3 sda4
[    0.552793] sd 0:0:0:0: [sda] Attached SCSI disk
[    0.580245] e1000 0000:00:03.0 eth0: (PCI:33MHz:32-bit) 08:00:27:fd:bb:88
[    0.580725] e1000 0000:00:03.0 eth0: Intel(R) PRO/1000 Network Connection
[    0.581297] e1000e: Intel(R) PRO/1000 Network Driver - 3.2.6-k
[    0.581809] e1000e: Copyright(c) 1999 - 2015 Intel Corporation.
[    0.582340] sky2: driver version 1.30
[    0.582947] ehci_hcd: USB 2.0 'Enhanced' Host Controller (EHCI) Driver
[    0.583465] ehci-pci: EHCI PCI platform driver
[    0.583883] ohci_hcd: USB 1.1 'Open' Host Controller (OHCI) Driver
[    0.584265] ohci-pci: OHCI PCI platform driver
[    0.584961] ohci-pci 0000:00:1f.4: OHCI PCI host controller
[    0.585452] ohci-pci 0000:00:1f.4: new USB bus registered, assigned bus number 1
[    0.585917] ohci-pci 0000:00:1f.4: irq 23, io mem 0xe1806000
[    0.639916] usb usb1: New USB device found, idVendor=1d6b, idProduct=0001
[    0.640895] usb usb1: New USB device strings: Mfr=3, Product=2, SerialNumber=1
[    0.642138] usb usb1: Product: OHCI PCI host controller
[    0.642967] usb usb1: Manufacturer: Linux 4.15.3-thor_kernel ohci_hcd
[    0.643487] usb usb1: SerialNumber: 0000:00:1f.4
[    0.643487] hub 1-0:1.0: USB hub found
[    0.648124] hub 1-0:1.0: 12 ports detected
[    0.649673] uhci_hcd: USB Universal Host Controller Interface driver
[    0.650581] usbcore: registered new interface driver usblp
[    0.651295] usbcore: registered new interface driver usb-storage
[    0.652273] i8042: PNP: PS/2 Controller [PNP0303:PS2K,PNP0f03:PS2M] at 0x60,0x64 irq 1,12
[    0.653883] serio: i8042 KBD port at 0x60,0x64 irq 1
[    0.654503] serio: i8042 AUX port at 0x60,0x64 irq 12
[    0.656376] rtc_cmos 00:02: rtc core: registered rtc_cmos as rtc0
[    0.656763] input: AT Translated Set 2 keyboard as /devices/platform/i8042/serio0/input/input3
[    0.658124] rtc_cmos 00:02: alarms up to one day, 114 bytes nvram, hpet irqs
[    0.659270] device-mapper: ioctl: 4.37.0-ioctl (2017-09-20) initialised: dm-devel@redhat.com
[    0.659810] hidraw: raw HID events driver (C) Jiri Kosina
[    0.661594] usbcore: registered new interface driver usbhid
[    0.662141] usbhid: USB HID core driver
[    0.663403] Netfilter messages via NETLINK v0.30.
[    0.663924] nf_conntrack version 0.5.0 (8192 buckets, 32768 max)
[    0.664614] ctnetlink v0.93: registering with nfnetlink.
[    0.665222] ip_tables: (C) 2000-2006 Netfilter Core Team
[    0.666259] Initializing XFRM netlink socket
[    0.667105] NET: Registered protocol family 10
[    0.668130] Segment Routing with IPv6
[    0.668570] ip6_tables: (C) 2000-2006 Netfilter Core Team
[    0.669615] sit: IPv6, IPv4 and MPLS over IPv4 tunneling driver
[    0.670419] NET: Registered protocol family 17
[    0.670977] Key type dns_resolver registered
[    0.671876] sched_clock: Marking stable (671746976, 0)->(768692287, -96945311)
[    0.673160] registered taskstats version 1
[    0.673427] Loading compiled-in X.509 certificates
[    0.673959]   Magic number: 6:236:493
[    0.674313] console [netcon0] enabled
[    0.675079] netconsole: network logging started
[    0.675406] cfg80211: Loading compiled-in X.509 certificates for regulatory database
[    0.676775] cfg80211: Loaded X.509 cert 'sforshee: 00b28ddf47aef9cea7'
[    0.677093] ALSA device list:
[    0.677329]   No soundcards found.
[    0.677631] platform regulatory.0: Direct firmware load for regulatory.db failed with error -2
[    0.678082] cfg80211: failed to load regulatory.db
[    0.864490] input: ImExPS/2 Generic Explorer Mouse as /devices/platform/i8042/serio1/input/input5
[    0.865392] md: Waiting for all devices to be available before autodetect
[    0.865875] md: If you don't use raid, use raid=noautodetect
[    0.867686] md: Autodetecting RAID arrays.
[    0.868199] md: autorun ...
[    0.868789] md: ... autorun DONE.
[    0.887861] EXT4-fs (sda2): couldn't mount as ext3 due to feature incompatibilities
[    0.889303] EXT4-fs (sda2): couldn't mount as ext2 due to feature incompatibilities
[    0.912600] EXT4-fs (sda2): mounted filesystem with ordered data mode. Opts: (null)
[    0.913103] VFS: Mounted root (ext4 filesystem) readonly on device 8:2.
[    0.938622] devtmpfs: mounted
[    0.941839] Freeing unused kernel memory: 1216K
[    0.942171] Write protecting the kernel read-only data: 18432k
[    0.944034] Freeing unused kernel memory: 2004K
[    0.947323] Freeing unused kernel memory: 1080K
[    1.031841] usb 1-1: new full-speed USB device number 2 using ohci-pci
[    1.183257] tsc: Refined TSC clocksource calibration: 2594.106 MHz
[    1.184150] clocksource: tsc: mask: 0xffffffffffffffff max_cycles: 0x25647bfab01, max_idle_ns: 440795211785 ns
[    1.261630] usb 1-1: New USB device found, idVendor=80ee, idProduct=0021
[    1.262936] usb 1-1: New USB device strings: Mfr=1, Product=3, SerialNumber=0
[    1.264124] usb 1-1: Product: USB Tablet
[    1.265084] usb 1-1: Manufacturer: VirtualBox
[    1.280657] input: VirtualBox USB Tablet as /devices/pci0000:00/0000:00:1f.4/usb1/1-1/1-1:1.0/0003:80EE:0021.0001/input/input6
[    1.281606] hid-generic 0003:80EE:0021.0001: input,hidraw0: USB HID v1.10 Mouse [VirtualBox USB Tablet] on usb-0000:00:1f.4-1/input0
[    1.638794] random: crng init done
[    1.809216] systemd[1]: systemd 237 running in system mode. (-PAM -AUDIT -SELINUX +IMA -APPARMOR +SMACK +SYSVINIT +UTMP -LIBCRYPTSETUP -GCRYPT -GNUTLS +ACL +XZ -LZ4 -SECCOMP +BLKID -ELFUTILS +KMOD -IDN2 -IDN -PCRE2 default-hierarchy=hybrid)
[    1.811778] systemd[1]: Detected virtualization oracle.
[    1.812218] systemd[1]: Detected architecture x86-64.
[    1.868391] systemd[1]: Set hostname to <wkhosa>.
[    1.982571] systemd-debug-g (1022) used greatest stack depth: 13800 bytes left
[    2.191496] clocksource: Switched to clocksource tsc
[    2.292263] systemd-fstab-g (1023) used greatest stack depth: 13448 bytes left
[    2.407966] systemd[1]: File /lib/systemd/system/systemd-journald.service:35 configures an IP firewall (IPAddressDeny=any), but the local system does not support BPF/cgroup based firewalling.
[    2.408794] systemd[1]: Proceeding WITHOUT firewalling in effect! (This warning is only shown for the first loaded unit using IP firewalling.)
[    2.751125] systemd[1]: Set up automount Arbitrary Executable File Formats File System Automount Point.
[    2.753597] systemd[1]: Started Forward Password Requests to Wall Directory Watch.
[    2.755648] systemd[1]: Created slice User and Session Slice.
[    2.757192] systemd[1]: Reached target Remote File Systems.
[    3.178892] EXT4-fs (sda2): re-mounted. Opts: (null)
[    3.659803] systemd-journald[1032]: Received request to flush runtime journal from PID 1
[    3.888238] hrtimer: interrupt took 2943643 ns
[    5.872028] Adding 2097148k swap on /dev/sda4.  Priority:1 extents:1 across:2097148k 
[    6.352513] EXT4-fs (sda1): mounting ext2 file system using the ext4 subsystem
[    6.362946] EXT4-fs (sda1): mounted filesystem without journal. Opts: (null)
[    6.930286] EXT4-fs (sda3): mounted filesystem with ordered data mode. Opts: (null)
